Archive member included to satisfy reference by file (symbol)

d:/st/stm32cubeide_1.8.0/stm32cubeide/plugins/com.st.stm32cube.ide.mcu.externaltools.gnu-tools-for-stm32.9-2020-q2-update.win32_2.0.0.202105311346/tools/bin/../lib/gcc/arm-none-eabi/9.3.1/../../../../arm-none-eabi/lib/thumb/v7e-m+fp/hard\libc_nano.a(lib_a-exit.o)
                              d:/st/stm32cubeide_1.8.0/stm32cubeide/plugins/com.st.stm32cube.ide.mcu.externaltools.gnu-tools-for-stm32.9-2020-q2-update.win32_2.0.0.202105311346/tools/bin/../lib/gcc/arm-none-eabi/9.3.1/../../../../arm-none-eabi/lib/thumb/v7e-m+fp/hard/crt0.o (exit)
d:/st/stm32cubeide_1.8.0/stm32cubeide/plugins/com.st.stm32cube.ide.mcu.externaltools.gnu-tools-for-stm32.9-2020-q2-update.win32_2.0.0.202105311346/tools/bin/../lib/gcc/arm-none-eabi/9.3.1/../../../../arm-none-eabi/lib/thumb/v7e-m+fp/hard\libc_nano.a(lib_a-impure.o)
                              d:/st/stm32cubeide_1.8.0/stm32cubeide/plugins/com.st.stm32cube.ide.mcu.externaltools.gnu-tools-for-stm32.9-2020-q2-update.win32_2.0.0.202105311346/tools/bin/../lib/gcc/arm-none-eabi/9.3.1/../../../../arm-none-eabi/lib/thumb/v7e-m+fp/hard\libc_nano.a(lib_a-exit.o) (_global_impure_ptr)
d:/st/stm32cubeide_1.8.0/stm32cubeide/plugins/com.st.stm32cube.ide.mcu.externaltools.gnu-tools-for-stm32.9-2020-q2-update.win32_2.0.0.202105311346/tools/bin/../lib/gcc/arm-none-eabi/9.3.1/../../../../arm-none-eabi/lib/thumb/v7e-m+fp/hard\libc_nano.a(lib_a-init.o)
                              d:/st/stm32cubeide_1.8.0/stm32cubeide/plugins/com.st.stm32cube.ide.mcu.externaltools.gnu-tools-for-stm32.9-2020-q2-update.win32_2.0.0.202105311346/tools/bin/../lib/gcc/arm-none-eabi/9.3.1/../../../../arm-none-eabi/lib/thumb/v7e-m+fp/hard/crt0.o (__libc_init_array)
d:/st/stm32cubeide_1.8.0/stm32cubeide/plugins/com.st.stm32cube.ide.mcu.externaltools.gnu-tools-for-stm32.9-2020-q2-update.win32_2.0.0.202105311346/tools/bin/../lib/gcc/arm-none-eabi/9.3.1/../../../../arm-none-eabi/lib/thumb/v7e-m+fp/hard\libc_nano.a(lib_a-memset.o)
                              d:/st/stm32cubeide_1.8.0/stm32cubeide/plugins/com.st.stm32cube.ide.mcu.externaltools.gnu-tools-for-stm32.9-2020-q2-update.win32_2.0.0.202105311346/tools/bin/../lib/gcc/arm-none-eabi/9.3.1/../../../../arm-none-eabi/lib/thumb/v7e-m+fp/hard/crt0.o (memset)
d:/st/stm32cubeide_1.8.0/stm32cubeide/plugins/com.st.stm32cube.ide.mcu.externaltools.gnu-tools-for-stm32.9-2020-q2-update.win32_2.0.0.202105311346/tools/bin/../lib/gcc/arm-none-eabi/9.3.1/thumb/v7e-m+fp/hard\libgcc.a(_aeabi_uldivmod.o)
                              ./Drivers/STM32F7xx_HAL_Driver/Src/stm32f7xx_hal_rcc.o (__aeabi_uldivmod)
d:/st/stm32cubeide_1.8.0/stm32cubeide/plugins/com.st.stm32cube.ide.mcu.externaltools.gnu-tools-for-stm32.9-2020-q2-update.win32_2.0.0.202105311346/tools/bin/../lib/gcc/arm-none-eabi/9.3.1/thumb/v7e-m+fp/hard\libgcc.a(_udivmoddi4.o)
                              d:/st/stm32cubeide_1.8.0/stm32cubeide/plugins/com.st.stm32cube.ide.mcu.externaltools.gnu-tools-for-stm32.9-2020-q2-update.win32_2.0.0.202105311346/tools/bin/../lib/gcc/arm-none-eabi/9.3.1/thumb/v7e-m+fp/hard\libgcc.a(_aeabi_uldivmod.o) (__udivmoddi4)
d:/st/stm32cubeide_1.8.0/stm32cubeide/plugins/com.st.stm32cube.ide.mcu.externaltools.gnu-tools-for-stm32.9-2020-q2-update.win32_2.0.0.202105311346/tools/bin/../lib/gcc/arm-none-eabi/9.3.1/thumb/v7e-m+fp/hard\libgcc.a(_dvmd_tls.o)
                              d:/st/stm32cubeide_1.8.0/stm32cubeide/plugins/com.st.stm32cube.ide.mcu.externaltools.gnu-tools-for-stm32.9-2020-q2-update.win32_2.0.0.202105311346/tools/bin/../lib/gcc/arm-none-eabi/9.3.1/thumb/v7e-m+fp/hard\libgcc.a(_aeabi_uldivmod.o) (__aeabi_ldiv0)
d:/st/stm32cubeide_1.8.0/stm32cubeide/plugins/com.st.stm32cube.ide.mcu.externaltools.gnu-tools-for-stm32.9-2020-q2-update.win32_2.0.0.202105311346/tools/bin/../lib/gcc/arm-none-eabi/9.3.1/../../../../arm-none-eabi/lib/thumb/v7e-m+fp/hard\libnosys.a(_exit.o)
                              d:/st/stm32cubeide_1.8.0/stm32cubeide/plugins/com.st.stm32cube.ide.mcu.externaltools.gnu-tools-for-stm32.9-2020-q2-update.win32_2.0.0.202105311346/tools/bin/../lib/gcc/arm-none-eabi/9.3.1/../../../../arm-none-eabi/lib/thumb/v7e-m+fp/hard\libc_nano.a(lib_a-exit.o) (_exit)

Allocating common symbols
Common symbol       size              file

hsai_BlockB2        0x84              ./Src/main.o
sdramHandle         0x34              ./Drivers/BSP/STM32746G-Discovery/stm32746g_discovery_sdram.o
hi2c3               0x4c              ./Src/main.o
htim8               0x40              ./Src/main.o
hsai_BlockA2        0x84              ./Src/main.o
hLtdcHandler        0xa8              ./Drivers/BSP/STM32746G-Discovery/stm32746g_discovery_lcd.o
EEPROMDataRead      0x2               ./Drivers/BSP/STM32746G-Discovery/stm32746g_discovery_eeprom.o
uwTick              0x4               ./Drivers/STM32F7xx_HAL_Driver/Src/stm32f7xx_hal.o
pFlash              0x1c              ./Drivers/STM32F7xx_HAL_Driver/Src/stm32f7xx_hal_flash.o
[...]
Memory Configuration

Name             Origin             Length             Attributes
RAM              0x0000000020000000 0x0000000000050000 xrw
FLASH            0x0000000008000000 0x0000000000100000 xr
*default*        0x0000000000000000 0xffffffffffffffff

Linker script and memory map

LOAD d:/st/stm32cubeide_1.8.0/stm32cubeide/plugins/com.st.stm32cube.ide.mcu.externaltools.gnu-tools-for-stm32.9-2020-q2-update.win32_2.0.0.202105311346/tools/bin/../lib/gcc/arm-none-eabi/9.3.1/thumb/v7e-m+fp/hard/crti.o
LOAD d:/st/stm32cubeide_1.8.0/stm32cubeide/plugins/com.st.stm32cube.ide.mcu.externaltools.gnu-tools-for-stm32.9-2020-q2-update.win32_2.0.0.202105311346/tools/bin/../lib/gcc/arm-none-eabi/9.3.1/thumb/v7e-m+fp/hard/crtbegin.o
LOAD d:/st/stm32cubeide_1.8.0/stm32cubeide/plugins/com.st.stm32cube.ide.mcu.externaltools.gnu-tools-for-stm32.9-2020-q2-update.win32_2.0.0.202105311346/tools/bin/../lib/gcc/arm-none-eabi/9.3.1/../../../../arm-none-eabi/lib/thumb/v7e-m+fp/hard/crt0.o
LOAD ./Drivers/BSP/Components/adv7533/adv7533.o
LOAD ./Drivers/BSP/Components/exc7200/exc7200.o
LOAD ./Drivers/BSP/Components/ft5336/ft5336.o
LOAD ./Drivers/BSP/Components/ft6x06/ft6x06.o
LOAD ./Drivers/BSP/Components/mfxstm32l152/mfxstm32l152.o
LOAD ./Drivers/BSP/Components/otm8009a/otm8009a.o
LOAD ./Drivers/BSP/Components/ov9655/ov9655.o
LOAD ./Drivers/BSP/Components/s5k5cag/s5k5cag.o
LOAD ./Drivers/BSP/Components/st7735/st7735.o
LOAD ./Drivers/BSP/Components/st7789h2/st7789h2.o
LOAD ./Drivers/BSP/Components/stmpe811/stmpe811.o
LOAD ./Drivers/BSP/Components/ts3510/ts3510.o
LOAD ./Drivers/BSP/Components/wm8994/wm8994.o
LOAD ./Drivers/BSP/STM32746G-Discovery/stm32746g_discovery.o
LOAD ./Drivers/BSP/STM32746G-Discovery/stm32746g_discovery_audio.o
LOAD ./Drivers/BSP/STM32746G-Discovery/stm32746g_discovery_eeprom.o
LOAD ./Drivers/BSP/STM32746G-Discovery/stm32746g_discovery_lcd.o
LOAD ./Drivers/BSP/STM32746G-Discovery/stm32746g_discovery_sdram.o
LOAD ./Drivers/BSP/STM32746G-Discovery/stm32746g_discovery_ts.o
LOAD ./Drivers/STM32F7xx_HAL_Driver/Src/stm32f7xx_hal.o
LOAD ./Drivers/STM32F7xx_HAL_Driver/Src/stm32f7xx_hal_cortex.o
LOAD ./Drivers/STM32F7xx_HAL_Driver/Src/stm32f7xx_hal_dma.o
LOAD ./Drivers/STM32F7xx_HAL_Driver/Src/stm32f7xx_hal_dma2d.o
LOAD ./Drivers/STM32F7xx_HAL_Driver/Src/stm32f7xx_hal_dma_ex.o
LOAD ./Drivers/STM32F7xx_HAL_Driver/Src/stm32f7xx_hal_dsi.o
LOAD ./Drivers/STM32F7xx_HAL_Driver/Src/stm32f7xx_hal_flash.o
LOAD ./Drivers/STM32F7xx_HAL_Driver/Src/stm32f7xx_hal_flash_ex.o
LOAD ./Drivers/STM32F7xx_HAL_Driver/Src/stm32f7xx_hal_gpio.o
LOAD ./Drivers/STM32F7xx_HAL_Driver/Src/stm32f7xx_hal_i2c.o
LOAD ./Drivers/STM32F7xx_HAL_Driver/Src/stm32f7xx_hal_i2c_ex.o
LOAD ./Drivers/STM32F7xx_HAL_Driver/Src/stm32f7xx_hal_ltdc.o
LOAD ./Drivers/STM32F7xx_HAL_Driver/Src/stm32f7xx_hal_ltdc_ex.o
LOAD ./Drivers/STM32F7xx_HAL_Driver/Src/stm32f7xx_hal_pwr.o
LOAD ./Drivers/STM32F7xx_HAL_Driver/Src/stm32f7xx_hal_pwr_ex.o
LOAD ./Drivers/STM32F7xx_HAL_Driver/Src/stm32f7xx_hal_rcc.o
LOAD ./Drivers/STM32F7xx_HAL_Driver/Src/stm32f7xx_hal_rcc_ex.o
LOAD ./Drivers/STM32F7xx_HAL_Driver/Src/stm32f7xx_hal_sai.o
LOAD ./Drivers/STM32F7xx_HAL_Driver/Src/stm32f7xx_hal_sai_ex.o
LOAD ./Drivers/STM32F7xx_HAL_Driver/Src/stm32f7xx_hal_sdram.o
LOAD ./Drivers/STM32F7xx_HAL_Driver/Src/stm32f7xx_hal_tim.o
LOAD ./Drivers/STM32F7xx_HAL_Driver/Src/stm32f7xx_hal_tim_ex.o
LOAD ./Drivers/STM32F7xx_HAL_Driver/Src/stm32f7xx_hal_uart.o
LOAD ./Drivers/STM32F7xx_HAL_Driver/Src/stm32f7xx_ll_fmc.o
LOAD ./Src/lcd_start_page.o
LOAD ./Src/main.o
LOAD ./Src/peripheral.o
LOAD ./Src/stm32f7xx_hal_msp.o
LOAD ./Src/stm32f7xx_it.o
LOAD ./Src/system_stm32f7xx.o
LOAD ./startup/startup_stm32f746xx.o
START GROUP
LOAD d:/st/stm32cubeide_1.8.0/stm32cubeide/plugins/com.st.stm32cube.ide.mcu.externaltools.gnu-tools-for-stm32.9-2020-q2-update.win32_2.0.0.202105311346/tools/bin/../lib/gcc/arm-none-eabi/9.3.1/../../../../arm-none-eabi/lib/thumb/v7e-m+fp/hard\libc_nano.a
LOAD d:/st/stm32cubeide_1.8.0/stm32cubeide/plugins/com.st.stm32cube.ide.mcu.externaltools.gnu-tools-for-stm32.9-2020-q2-update.win32_2.0.0.202105311346/tools/bin/../lib/gcc/arm-none-eabi/9.3.1/../../../../arm-none-eabi/lib/thumb/v7e-m+fp/hard\libm.a
END GROUP
START GROUP
LOAD d:/st/stm32cubeide_1.8.0/stm32cubeide/plugins/com.st.stm32cube.ide.mcu.externaltools.gnu-tools-for-stm32.9-2020-q2-update.win32_2.0.0.202105311346/tools/bin/../lib/gcc/arm-none-eabi/9.3.1/thumb/v7e-m+fp/hard\libgcc.a
LOAD d:/st/stm32cubeide_1.8.0/stm32cubeide/plugins/com.st.stm32cube.ide.mcu.externaltools.gnu-tools-for-stm32.9-2020-q2-update.win32_2.0.0.202105311346/tools/bin/../lib/gcc/arm-none-eabi/9.3.1/../../../../arm-none-eabi/lib/thumb/v7e-m+fp/hard\libc_nano.a
END GROUP
START GROUP
LOAD d:/st/stm32cubeide_1.8.0/stm32cubeide/plugins/com.st.stm32cube.ide.mcu.externaltools.gnu-tools-for-stm32.9-2020-q2-update.win32_2.0.0.202105311346/tools/bin/../lib/gcc/arm-none-eabi/9.3.1/thumb/v7e-m+fp/hard\libgcc.a
LOAD d:/st/stm32cubeide_1.8.0/stm32cubeide/plugins/com.st.stm32cube.ide.mcu.externaltools.gnu-tools-for-stm32.9-2020-q2-update.win32_2.0.0.202105311346/tools/bin/../lib/gcc/arm-none-eabi/9.3.1/../../../../arm-none-eabi/lib/thumb/v7e-m+fp/hard\libc_nano.a
LOAD d:/st/stm32cubeide_1.8.0/stm32cubeide/plugins/com.st.stm32cube.ide.mcu.externaltools.gnu-tools-for-stm32.9-2020-q2-update.win32_2.0.0.202105311346/tools/bin/../lib/gcc/arm-none-eabi/9.3.1/../../../../arm-none-eabi/lib/thumb/v7e-m+fp/hard\libnosys.a
END GROUP
START GROUP
LOAD d:/st/stm32cubeide_1.8.0/stm32cubeide/plugins/com.st.stm32cube.ide.mcu.externaltools.gnu-tools-for-stm32.9-2020-q2-update.win32_2.0.0.202105311346/tools/bin/../lib/gcc/arm-none-eabi/9.3.1/thumb/v7e-m+fp/hard\libgcc.a
LOAD d:/st/stm32cubeide_1.8.0/stm32cubeide/plugins/com.st.stm32cube.ide.mcu.externaltools.gnu-tools-for-stm32.9-2020-q2-update.win32_2.0.0.202105311346/tools/bin/../lib/gcc/arm-none-eabi/9.3.1/../../../../arm-none-eabi/lib/thumb/v7e-m+fp/hard\libc_nano.a
LOAD d:/st/stm32cubeide_1.8.0/stm32cubeide/plugins/com.st.stm32cube.ide.mcu.externaltools.gnu-tools-for-stm32.9-2020-q2-update.win32_2.0.0.202105311346/tools/bin/../lib/gcc/arm-none-eabi/9.3.1/../../../../arm-none-eabi/lib/thumb/v7e-m+fp/hard\libnosys.a
END GROUP
LOAD d:/st/stm32cubeide_1.8.0/stm32cubeide/plugins/com.st.stm32cube.ide.mcu.externaltools.gnu-tools-for-stm32.9-2020-q2-update.win32_2.0.0.202105311346/tools/bin/../lib/gcc/arm-none-eabi/9.3.1/thumb/v7e-m+fp/hard/crtend.o
LOAD d:/st/stm32cubeide_1.8.0/stm32cubeide/plugins/com.st.stm32cube.ide.mcu.externaltools.gnu-tools-for-stm32.9-2020-q2-update.win32_2.0.0.202105311346/tools/bin/../lib/gcc/arm-none-eabi/9.3.1/thumb/v7e-m+fp/hard/crtn.o
                0x0000000020050000                _estack = 0x20050000
                0x0000000000000200                _Min_Heap_Size = 0x200
                0x0000000000000400                _Min_Stack_Size = 0x400

.isr_vector     0x0000000008000000      0x1c8
                0x0000000008000000                . = ALIGN (0x4)
 *(.isr_vector)
 .isr_vector    0x0000000008000000      0x1c8 ./startup/startup_stm32f746xx.o
                0x0000000008000000                g_pfnVectors
                0x00000000080001c8                . = ALIGN (0x4)

.text           0x00000000080001c8     0xa5b4
                0x00000000080001c8                . = ALIGN (0x4)
 *(.text)
 .text          0x00000000080001c8       0x40 d:/st/stm32cubeide_1.8.0/stm32cubeide/plugins/com.st.stm32cube.ide.mcu.externaltools.gnu-tools-for-stm32.9-2020-q2-update.win32_2.0.0.202105311346/tools/bin/../lib/gcc/arm-none-eabi/9.3.1/thumb/v7e-m+fp/hard/crtbegin.o
 .text          0x0000000008000208       0x30 d:/st/stm32cubeide_1.8.0/stm32cubeide/plugins/com.st.stm32cube.ide.mcu.externaltools.gnu-tools-for-stm32.9-2020-q2-update.win32_2.0.0.202105311346/tools/bin/../lib/gcc/arm-none-eabi/9.3.1/thumb/v7e-m+fp/hard\libgcc.a(_aeabi_uldivmod.o)
                0x0000000008000208                __aeabi_uldivmod
 .text          0x0000000008000238      0x2c4 d:/st/stm32cubeide_1.8.0/stm32cubeide/plugins/com.st.stm32cube.ide.mcu.externaltools.gnu-tools-for-stm32.9-2020-q2-update.win32_2.0.0.202105311346/tools/bin/../lib/gcc/arm-none-eabi/9.3.1/thumb/v7e-m+fp/hard\libgcc.a(_udivmoddi4.o)
                0x0000000008000238                __udivmoddi4
 .text          0x00000000080004fc        0x4 d:/st/stm32cubeide_1.8.0/stm32cubeide/plugins/com.st.stm32cube.ide.mcu.externaltools.gnu-tools-for-stm32.9-2020-q2-update.win32_2.0.0.202105311346/tools/bin/../lib/gcc/arm-none-eabi/9.3.1/thumb/v7e-m+fp/hard\libgcc.a(_dvmd_tls.o)
                0x00000000080004fc                __aeabi_idiv0
                0x00000000080004fc                __aeabi_ldiv0
 *(.text*)
 .text.wm8994_Init
                0x0000000008000500      0xd78 ./Drivers/BSP/Components/wm8994/wm8994.o
                0x0000000008000500                wm8994_Init
 .text.wm8994_DeInit
                0x0000000008001278        0xc ./Drivers/BSP/Components/wm8994/wm8994.o
                0x0000000008001278                wm8994_DeInit
 .text.wm8994_ReadID
                0x0000000008001284       0x24 ./Drivers/BSP/Components/wm8994/wm8994.o
                0x0000000008001284                wm8994_ReadID
 .text.wm8994_Play
                0x00000000080012a8       0x30 ./Drivers/BSP/Components/wm8994/wm8994.o
                0x00000000080012a8                wm8994_Play
 .text.wm8994_Pause
                0x00000000080012d8       0x42 ./Drivers/BSP/Components/wm8994/wm8994.o
                0x00000000080012d8                wm8994_Pause
 .text.wm8994_Resume
                0x000000000800131a       0x2a ./Drivers/BSP/Components/wm8994/wm8994.o
                0x000000000800131a                wm8994_Resume
 .text.wm8994_Stop
                0x0000000008001344       0xdc ./Drivers/BSP/Components/wm8994/wm8994.o
                0x0000000008001344                wm8994_Stop
 .text.wm8994_SetVolume
                0x0000000008001420      0x248 ./Drivers/BSP/Components/wm8994/wm8994.o
                0x0000000008001420                wm8994_SetVolume
 .text.wm8994_SetMute
                0x0000000008001668       0x9c ./Drivers/BSP/Components/wm8994/wm8994.o
                0x0000000008001668                wm8994_SetMute
 .text.wm8994_SetOutputMode
                0x0000000008001704      0x246 ./Drivers/BSP/Components/wm8994/wm8994.o
                0x0000000008001704                wm8994_SetOutputMode
 *fill*         0x000000000800194a        0x2 
 .text.wm8994_SetFrequency
                0x000000000800194c      0x1a8 ./Drivers/BSP/Components/wm8994/wm8994.o
                0x000000000800194c                wm8994_SetFrequency
 .text.wm8994_Reset
                0x0000000008001af4       0x40 ./Drivers/BSP/Components/wm8994/wm8994.o
                0x0000000008001af4                wm8994_Reset
 .text.CODEC_IO_Write
                0x0000000008001b34       0x2e ./Drivers/BSP/Components/wm8994/wm8994.o
 *fill*         0x0000000008001b62        0x2 
 .text.I2Cx_MspInit
                0x0000000008001b64      0x160 ./Drivers/BSP/STM32746G-Discovery/stm32746g_discovery.o
 .text.I2Cx_Init
                0x0000000008001cc4       0x78 ./Drivers/BSP/STM32746G-Discovery/stm32746g_discovery.o
 .text.I2Cx_ReadMultiple
                0x0000000008001d3c       0x5a ./Drivers/BSP/STM32746G-Discovery/stm32746g_discovery.o
 .text.I2Cx_WriteMultiple
                0x0000000008001d96       0x5a ./Drivers/BSP/STM32746G-Discovery/stm32746g_discovery.o
 .text.I2Cx_Error
                0x0000000008001df0       0x20 ./Drivers/BSP/STM32746G-Discovery/stm32746g_discovery.o
 .text.AUDIO_IO_Init
                0x0000000008001e10       0x14 ./Drivers/BSP/STM32746G-Discovery/stm32746g_discovery.o
                0x0000000008001e10                AUDIO_IO_Init
 .text.AUDIO_IO_DeInit
                0x0000000008001e24        0xe ./Drivers/BSP/STM32746G-Discovery/stm32746g_discovery.o
                0x0000000008001e24                AUDIO_IO_DeInit
 *fill*         0x0000000008001e32        0x2 
 .text.AUDIO_IO_Write
                0x0000000008001e34       0x54 ./Drivers/BSP/STM32746G-Discovery/stm32746g_discovery.o
                0x0000000008001e34                AUDIO_IO_Write
 .text.AUDIO_IO_Read
                0x0000000008001e88       0x58 ./Drivers/BSP/STM32746G-Discovery/stm32746g_discovery.o
                0x0000000008001e88                AUDIO_IO_Read
 .text.AUDIO_IO_Delay
                0x0000000008001ee0       0x16 ./Drivers/BSP/STM32746G-Discovery/stm32746g_discovery.o
                0x0000000008001ee0                AUDIO_IO_Delay
 *fill*         0x0000000008001ef6        0x2 
 .text.BSP_LCD_Init
                0x0000000008001ef8       0xe0 ./Drivers/BSP/STM32746G-Discovery/stm32746g_discovery_lcd.o
                0x0000000008001ef8                BSP_LCD_Init
 .text.BSP_LCD_GetXSize
                0x0000000008001fd8       0x28 ./Drivers/BSP/STM32746G-Discovery/stm32746g_discovery_lcd.o
                0x0000000008001fd8                BSP_LCD_GetXSize
 .text.BSP_LCD_GetYSize
                0x0000000008002000       0x28 ./Drivers/BSP/STM32746G-Discovery/stm32746g_discovery_lcd.o
                0x0000000008002000                BSP_LCD_GetYSize
 .text.BSP_LCD_LayerDefaultInit
                0x0000000008002028       0xc0 ./Drivers/BSP/STM32746G-Discovery/stm32746g_discovery_lcd.o
                0x0000000008002028                BSP_LCD_LayerDefaultInit
 .text.BSP_LCD_SelectLayer
                0x00000000080020e8       0x20 ./Drivers/BSP/STM32746G-Discovery/stm32746g_discovery_lcd.o
                0x00000000080020e8                BSP_LCD_SelectLayer
 .text.BSP_LCD_SetTextColor
                0x0000000008002108       0x30 ./Drivers/BSP/STM32746G-Discovery/stm32746g_discovery_lcd.o
                0x0000000008002108                BSP_LCD_SetTextColor
 .text.BSP_LCD_SetBackColor
                0x0000000008002138       0x34 ./Drivers/BSP/STM32746G-Discovery/stm32746g_discovery_lcd.o
                0x0000000008002138                BSP_LCD_SetBackColor
 .text.BSP_LCD_SetFont
                0x000000000800216c       0x34 ./Drivers/BSP/STM32746G-Discovery/stm32746g_discovery_lcd.o
                0x000000000800216c                BSP_LCD_SetFont
 .text.BSP_LCD_Clear
                0x00000000080021a0       0x50 ./Drivers/BSP/STM32746G-Discovery/stm32746g_discovery_lcd.o
                0x00000000080021a0                BSP_LCD_Clear
 .text.BSP_LCD_DisplayChar
                0x00000000080021f0       0x88 ./Drivers/BSP/STM32746G-Discovery/stm32746g_discovery_lcd.o
                0x00000000080021f0                BSP_LCD_DisplayChar
 .text.BSP_LCD_DisplayStringAt
                0x0000000008002278      0x190 ./Drivers/BSP/STM32746G-Discovery/stm32746g_discovery_lcd.o
                0x0000000008002278                BSP_LCD_DisplayStringAt
 .text.BSP_LCD_DrawPixel
                0x0000000008002408       0x90 ./Drivers/BSP/STM32746G-Discovery/stm32746g_discovery_lcd.o
                0x0000000008002408                BSP_LCD_DrawPixel
 .text.BSP_LCD_DrawBitmap
                0x0000000008002498      0x164 ./Drivers/BSP/STM32746G-Discovery/stm32746g_discovery_lcd.o
                0x0000000008002498                BSP_LCD_DrawBitmap
 .text.BSP_LCD_FillRect
                0x00000000080025fc       0xf4 ./Drivers/BSP/STM32746G-Discovery/stm32746g_discovery_lcd.o
                0x00000000080025fc                BSP_LCD_FillRect
 .text.BSP_LCD_MspInit
                0x00000000080026f0      0x1b4 ./Drivers/BSP/STM32746G-Discovery/stm32746g_discovery_lcd.o
                0x00000000080026f0                BSP_LCD_MspInit
 .text.BSP_LCD_ClockConfig
                0x00000000080028a4       0x38 ./Drivers/BSP/STM32746G-Discovery/stm32746g_discovery_lcd.o
                0x00000000080028a4                BSP_LCD_ClockConfig
 .text.DrawChar
                0x00000000080028dc      0x170 ./Drivers/BSP/STM32746G-Discovery/stm32746g_discovery_lcd.o
 .text.LL_FillBuffer
                0x0000000008002a4c       0x98 ./Drivers/BSP/STM32746G-Discovery/stm32746g_discovery_lcd.o
 .text.LL_ConvertLineToARGB8888
                0x0000000008002ae4       0x88 ./Drivers/BSP/STM32746G-Discovery/stm32746g_discovery_lcd.o
 .text.BSP_SDRAM_Init
                0x0000000008002b6c       0xbc ./Drivers/BSP/STM32746G-Discovery/stm32746g_discovery_sdram.o
                0x0000000008002b6c                BSP_SDRAM_Init
 .text.BSP_SDRAM_Initialization_sequence
                0x0000000008002c28       0xc0 ./Drivers/BSP/STM32746G-Discovery/stm32746g_discovery_sdram.o
                0x0000000008002c28                BSP_SDRAM_Initialization_sequence
 .text.BSP_SDRAM_MspInit
                0x0000000008002ce8      0x1f0 ./Drivers/BSP/STM32746G-Discovery/stm32746g_discovery_sdram.o
                0x0000000008002ce8                BSP_SDRAM_MspInit
 .text.HAL_Init
                0x0000000008002ed8       0x38 ./Drivers/STM32F7xx_HAL_Driver/Src/stm32f7xx_hal.o
                0x0000000008002ed8                HAL_Init
 .text.HAL_InitTick
                0x0000000008002f10       0x60 ./Drivers/STM32F7xx_HAL_Driver/Src/stm32f7xx_hal.o
                0x0000000008002f10                HAL_InitTick
 .text.HAL_IncTick
                0x0000000008002f70       0x28 ./Drivers/STM32F7xx_HAL_Driver/Src/stm32f7xx_hal.o
                0x0000000008002f70                HAL_IncTick
 .text.HAL_GetTick
                0x0000000008002f98       0x18 ./Drivers/STM32F7xx_HAL_Driver/Src/stm32f7xx_hal.o
                0x0000000008002f98                HAL_GetTick
 .text.HAL_Delay
                0x0000000008002fb0       0x48 ./Drivers/STM32F7xx_HAL_Driver/Src/stm32f7xx_hal.o
                0x0000000008002fb0                HAL_Delay
 .text.NVIC_SetPriorityGrouping
                0x0000000008002ff8       0x48 ./Drivers/STM32F7xx_HAL_Driver/Src/stm32f7xx_hal_cortex.o
 .text.NVIC_GetPriorityGrouping
                0x0000000008003040       0x1c ./Drivers/STM32F7xx_HAL_Driver/Src/stm32f7xx_hal_cortex.o
 .text.NVIC_EnableIRQ
                0x000000000800305c       0x34 ./Drivers/STM32F7xx_HAL_Driver/Src/stm32f7xx_hal_cortex.o
 .text.NVIC_SetPriority
                0x0000000008003090       0x54 ./Drivers/STM32F7xx_HAL_Driver/Src/stm32f7xx_hal_cortex.o
 .text.NVIC_EncodePriority
                0x00000000080030e4       0x66 ./Drivers/STM32F7xx_HAL_Driver/Src/stm32f7xx_hal_cortex.o
 *fill*         0x000000000800314a        0x2 
 .text.SysTick_Config
                0x000000000800314c       0x44 ./Drivers/STM32F7xx_HAL_Driver/Src/stm32f7xx_hal_cortex.o
 .text.HAL_NVIC_SetPriorityGrouping
                0x0000000008003190       0x16 ./Drivers/STM32F7xx_HAL_Driver/Src/stm32f7xx_hal_cortex.o
                0x0000000008003190                HAL_NVIC_SetPriorityGrouping
 .text.HAL_NVIC_SetPriority
                0x00000000080031a6       0x38 ./Drivers/STM32F7xx_HAL_Driver/Src/stm32f7xx_hal_cortex.o
                0x00000000080031a6                HAL_NVIC_SetPriority
 .text.HAL_NVIC_EnableIRQ
                0x00000000080031de       0x1c ./Drivers/STM32F7xx_HAL_Driver/Src/stm32f7xx_hal_cortex.o
                0x00000000080031de                HAL_NVIC_EnableIRQ
 .text.HAL_SYSTICK_Config
                0x00000000080031fa       0x18 ./Drivers/STM32F7xx_HAL_Driver/Src/stm32f7xx_hal_cortex.o
                0x00000000080031fa                HAL_SYSTICK_Config
 *fill*         0x0000000008003212        0x2 
 .text.HAL_DMA_Init
                0x0000000008003214      0x15c ./Drivers/STM32F7xx_HAL_Driver/Src/stm32f7xx_hal_dma.o
                0x0000000008003214                HAL_DMA_Init
 .text.HAL_DMA_DeInit
                0x0000000008003370       0xbc ./Drivers/STM32F7xx_HAL_Driver/Src/stm32f7xx_hal_dma.o
                0x0000000008003370                HAL_DMA_DeInit
 .text.DMA_CalcBaseAndBitshift
                0x000000000800342c       0x6c ./Drivers/STM32F7xx_HAL_Driver/Src/stm32f7xx_hal_dma.o
 .text.DMA_CheckFifoParam
                0x0000000008003498       0xf8 ./Drivers/STM32F7xx_HAL_Driver/Src/stm32f7xx_hal_dma.o
 .text.HAL_DMA2D_Init
                0x0000000008003590       0x94 ./Drivers/STM32F7xx_HAL_Driver/Src/stm32f7xx_hal_dma2d.o
                0x0000000008003590                HAL_DMA2D_Init
 .text.HAL_DMA2D_Start
                0x0000000008003624       0x56 ./Drivers/STM32F7xx_HAL_Driver/Src/stm32f7xx_hal_dma2d.o
                0x0000000008003624                HAL_DMA2D_Start
 .text.HAL_DMA2D_PollForTransfer
                0x000000000800367a      0x1d0 ./Drivers/STM32F7xx_HAL_Driver/Src/stm32f7xx_hal_dma2d.o
                0x000000000800367a                HAL_DMA2D_PollForTransfer
 .text.HAL_DMA2D_IRQHandler
                0x000000000800384a      0x1f8 ./Drivers/STM32F7xx_HAL_Driver/Src/stm32f7xx_hal_dma2d.o
                0x000000000800384a                HAL_DMA2D_IRQHandler
 .text.HAL_DMA2D_LineEventCallback
                0x0000000008003a42       0x14 ./Drivers/STM32F7xx_HAL_Driver/Src/stm32f7xx_hal_dma2d.o
                0x0000000008003a42                HAL_DMA2D_LineEventCallback
 .text.HAL_DMA2D_CLUTLoadingCpltCallback
                0x0000000008003a56       0x14 ./Drivers/STM32F7xx_HAL_Driver/Src/stm32f7xx_hal_dma2d.o
                0x0000000008003a56                HAL_DMA2D_CLUTLoadingCpltCallback
 *fill*         0x0000000008003a6a        0x2 
 .text.HAL_DMA2D_ConfigLayer
                0x0000000008003a6c      0x12c ./Drivers/STM32F7xx_HAL_Driver/Src/stm32f7xx_hal_dma2d.o
                0x0000000008003a6c                HAL_DMA2D_ConfigLayer
 .text.DMA2D_SetConfig
                0x0000000008003b98      0x14c ./Drivers/STM32F7xx_HAL_Driver/Src/stm32f7xx_hal_dma2d.o
 .text.HAL_GPIO_Init
                0x0000000008003ce4      0x358 ./Drivers/STM32F7xx_HAL_Driver/Src/stm32f7xx_hal_gpio.o
                0x0000000008003ce4                HAL_GPIO_Init
 .text.HAL_GPIO_DeInit
                0x000000000800403c      0x218 ./Drivers/STM32F7xx_HAL_Driver/Src/stm32f7xx_hal_gpio.o
                0x000000000800403c                HAL_GPIO_DeInit
 .text.HAL_GPIO_WritePin
                0x0000000008004254       0x32 ./Drivers/STM32F7xx_HAL_Driver/Src/stm32f7xx_hal_gpio.o
                0x0000000008004254                HAL_GPIO_WritePin
 *fill*         0x0000000008004286        0x2 
 .text.HAL_I2C_Init
                0x0000000008004288      0x120 ./Drivers/STM32F7xx_HAL_Driver/Src/stm32f7xx_hal_i2c.o
                0x0000000008004288                HAL_I2C_Init
 .text.HAL_I2C_DeInit
                0x00000000080043a8       0x5e ./Drivers/STM32F7xx_HAL_Driver/Src/stm32f7xx_hal_i2c.o
                0x00000000080043a8                HAL_I2C_DeInit
 *fill*         0x0000000008004406        0x2 
 .text.HAL_I2C_Mem_Write
                0x0000000008004408      0x24c ./Drivers/STM32F7xx_HAL_Driver/Src/stm32f7xx_hal_i2c.o
                0x0000000008004408                HAL_I2C_Mem_Write
 .text.HAL_I2C_Mem_Read
                0x0000000008004654      0x24c ./Drivers/STM32F7xx_HAL_Driver/Src/stm32f7xx_hal_i2c.o
                0x0000000008004654                HAL_I2C_Mem_Read
 .text.HAL_I2C_GetState
                0x00000000080048a0       0x1c ./Drivers/STM32F7xx_HAL_Driver/Src/stm32f7xx_hal_i2c.o
                0x00000000080048a0                HAL_I2C_GetState
 .text.I2C_RequestMemoryWrite
                0x00000000080048bc       0xc0 ./Drivers/STM32F7xx_HAL_Driver/Src/stm32f7xx_hal_i2c.o
 .text.I2C_RequestMemoryRead
                0x000000000800497c       0xc0 ./Drivers/STM32F7xx_HAL_Driver/Src/stm32f7xx_hal_i2c.o
 .text.I2C_Flush_TXDR
                0x0000000008004a3c       0x48 ./Drivers/STM32F7xx_HAL_Driver/Src/stm32f7xx_hal_i2c.o
 .text.I2C_WaitOnFlagUntilTimeout
                0x0000000008004a84       0x74 ./Drivers/STM32F7xx_HAL_Driver/Src/stm32f7xx_hal_i2c.o
 .text.I2C_WaitOnTXISFlagUntilTimeout
                0x0000000008004af8       0x80 ./Drivers/STM32F7xx_HAL_Driver/Src/stm32f7xx_hal_i2c.o
 .text.I2C_WaitOnSTOPFlagUntilTimeout
                0x0000000008004b78       0x78 ./Drivers/STM32F7xx_HAL_Driver/Src/stm32f7xx_hal_i2c.o
 .text.I2C_IsAcknowledgeFailed
                0x0000000008004bf0       0xbc ./Drivers/STM32F7xx_HAL_Driver/Src/stm32f7xx_hal_i2c.o
 .text.I2C_TransferConfig
                0x0000000008004cac       0x5c ./Drivers/STM32F7xx_HAL_Driver/Src/stm32f7xx_hal_i2c.o
 .text.HAL_I2CEx_ConfigAnalogFilter
                0x0000000008004d08       0x96 ./Drivers/STM32F7xx_HAL_Driver/Src/stm32f7xx_hal_i2c_ex.o
                0x0000000008004d08                HAL_I2CEx_ConfigAnalogFilter
 .text.HAL_I2CEx_ConfigDigitalFilter
                0x0000000008004d9e       0x9c ./Drivers/STM32F7xx_HAL_Driver/Src/stm32f7xx_hal_i2c_ex.o
                0x0000000008004d9e                HAL_I2CEx_ConfigDigitalFilter
 *fill*         0x0000000008004e3a        0x2 
 .text.HAL_LTDC_Init
                0x0000000008004e3c      0x1b8 ./Drivers/STM32F7xx_HAL_Driver/Src/stm32f7xx_hal_ltdc.o
                0x0000000008004e3c                HAL_LTDC_Init
 .text.HAL_LTDC_IRQHandler
                0x0000000008004ff4      0x158 ./Drivers/STM32F7xx_HAL_Driver/Src/stm32f7xx_hal_ltdc.o
                0x0000000008004ff4                HAL_LTDC_IRQHandler
 .text.HAL_LTDC_ErrorCallback
                0x000000000800514c       0x14 ./Drivers/STM32F7xx_HAL_Driver/Src/stm32f7xx_hal_ltdc.o
                0x000000000800514c                HAL_LTDC_ErrorCallback
 .text.HAL_LTDC_LineEventCallback
                0x0000000008005160       0x14 ./Drivers/STM32F7xx_HAL_Driver/Src/stm32f7xx_hal_ltdc.o
                0x0000000008005160                HAL_LTDC_LineEventCallback
 .text.HAL_LTDC_ReloadEventCallback
                0x0000000008005174       0x14 ./Drivers/STM32F7xx_HAL_Driver/Src/stm32f7xx_hal_ltdc.o
                0x0000000008005174                HAL_LTDC_ReloadEventCallback
 .text.HAL_LTDC_ConfigLayer
                0x0000000008005188       0x7c ./Drivers/STM32F7xx_HAL_Driver/Src/stm32f7xx_hal_ltdc.o
                0x0000000008005188                HAL_LTDC_ConfigLayer
 .text.HAL_LTDC_GetState
                0x0000000008005204       0x1c ./Drivers/STM32F7xx_HAL_Driver/Src/stm32f7xx_hal_ltdc.o
                0x0000000008005204                HAL_LTDC_GetState
 .text.LTDC_SetConfig
                0x0000000008005220      0x340 ./Drivers/STM32F7xx_HAL_Driver/Src/stm32f7xx_hal_ltdc.o
 .text.HAL_PWR_EnableBkUpAccess
                0x0000000008005560       0x20 ./Drivers/STM32F7xx_HAL_Driver/Src/stm32f7xx_hal_pwr.o
                0x0000000008005560                HAL_PWR_EnableBkUpAccess
 .text.HAL_PWREx_EnableOverDrive
                0x0000000008005580       0xa0 ./Drivers/STM32F7xx_HAL_Driver/Src/stm32f7xx_hal_pwr_ex.o
                0x0000000008005580                HAL_PWREx_EnableOverDrive
 .text.HAL_RCC_OscConfig
                0x0000000008005620      0x4e0 ./Drivers/STM32F7xx_HAL_Driver/Src/stm32f7xx_hal_rcc.o
                0x0000000008005620                HAL_RCC_OscConfig
 .text.HAL_RCC_ClockConfig
                0x0000000008005b00      0x1d0 ./Drivers/STM32F7xx_HAL_Driver/Src/stm32f7xx_hal_rcc.o
                0x0000000008005b00                HAL_RCC_ClockConfig
 .text.HAL_RCC_GetSysClockFreq
                0x0000000008005cd0      0x16c ./Drivers/STM32F7xx_HAL_Driver/Src/stm32f7xx_hal_rcc.o
                0x0000000008005cd0                HAL_RCC_GetSysClockFreq
 .text.HAL_RCC_GetHCLKFreq
                0x0000000008005e3c       0x18 ./Drivers/STM32F7xx_HAL_Driver/Src/stm32f7xx_hal_rcc.o
                0x0000000008005e3c                HAL_RCC_GetHCLKFreq
 .text.HAL_RCC_GetPCLK1Freq
                0x0000000008005e54       0x28 ./Drivers/STM32F7xx_HAL_Driver/Src/stm32f7xx_hal_rcc.o
                0x0000000008005e54                HAL_RCC_GetPCLK1Freq
 .text.HAL_RCC_GetPCLK2Freq
                0x0000000008005e7c       0x28 ./Drivers/STM32F7xx_HAL_Driver/Src/stm32f7xx_hal_rcc.o
                0x0000000008005e7c                HAL_RCC_GetPCLK2Freq
 .text.HAL_RCCEx_PeriphCLKConfig
                0x0000000008005ea4      0x7dc ./Drivers/STM32F7xx_HAL_Driver/Src/stm32f7xx_hal_rcc_ex.o
                0x0000000008005ea4                HAL_RCCEx_PeriphCLKConfig
 .text.HAL_RCCEx_GetPeriphCLKFreq
                0x0000000008006680      0x288 ./Drivers/STM32F7xx_HAL_Driver/Src/stm32f7xx_hal_rcc_ex.o
                0x0000000008006680                HAL_RCCEx_GetPeriphCLKFreq
 .text.HAL_SAI_Init
                0x0000000008006908      0x2ec ./Drivers/STM32F7xx_HAL_Driver/Src/stm32f7xx_hal_sai.o
                0x0000000008006908                HAL_SAI_Init
 .text.HAL_SAI_Transmit
                0x0000000008006bf4      0x19c ./Drivers/STM32F7xx_HAL_Driver/Src/stm32f7xx_hal_sai.o
                0x0000000008006bf4                HAL_SAI_Transmit
 .text.HAL_SAI_Receive
                0x0000000008006d90      0x198 ./Drivers/STM32F7xx_HAL_Driver/Src/stm32f7xx_hal_sai.o
                0x0000000008006d90                HAL_SAI_Receive
 .text.SAI_FillFifo
                0x0000000008006f28       0x9a ./Drivers/STM32F7xx_HAL_Driver/Src/stm32f7xx_hal_sai.o
 *fill*         0x0000000008006fc2        0x2 
 .text.SAI_Disable
                0x0000000008006fc4       0x6c ./Drivers/STM32F7xx_HAL_Driver/Src/stm32f7xx_hal_sai.o
 .text.HAL_SDRAM_Init
                0x0000000008007030       0x68 ./Drivers/STM32F7xx_HAL_Driver/Src/stm32f7xx_hal_sdram.o
                0x0000000008007030                HAL_SDRAM_Init
 .text.HAL_SDRAM_SendCommand
                0x0000000008007098       0x56 ./Drivers/STM32F7xx_HAL_Driver/Src/stm32f7xx_hal_sdram.o
                0x0000000008007098                HAL_SDRAM_SendCommand
 .text.HAL_SDRAM_ProgramRefreshRate
                0x00000000080070ee       0x40 ./Drivers/STM32F7xx_HAL_Driver/Src/stm32f7xx_hal_sdram.o
                0x00000000080070ee                HAL_SDRAM_ProgramRefreshRate
 .text.HAL_TIM_Base_Init
                0x000000000800712e       0x56 ./Drivers/STM32F7xx_HAL_Driver/Src/stm32f7xx_hal_tim.o
                0x000000000800712e                HAL_TIM_Base_Init
 .text.HAL_TIM_Base_Start
                0x0000000008007184       0x36 ./Drivers/STM32F7xx_HAL_Driver/Src/stm32f7xx_hal_tim.o
                0x0000000008007184                HAL_TIM_Base_Start
 .text.HAL_TIM_PWM_Init
                0x00000000080071ba       0x56 ./Drivers/STM32F7xx_HAL_Driver/Src/stm32f7xx_hal_tim.o
                0x00000000080071ba                HAL_TIM_PWM_Init
 .text.HAL_TIM_ConfigClockSource
                0x0000000008007210      0x1e0 ./Drivers/STM32F7xx_HAL_Driver/Src/stm32f7xx_hal_tim.o
                0x0000000008007210                HAL_TIM_ConfigClockSource
 .text.TIM_Base_SetConfig
                0x00000000080073f0      0x160 ./Drivers/STM32F7xx_HAL_Driver/Src/stm32f7xx_hal_tim.o
                0x00000000080073f0                TIM_Base_SetConfig
 .text.TIM_OC1_SetConfig
                0x0000000008007550       0xec ./Drivers/STM32F7xx_HAL_Driver/Src/stm32f7xx_hal_tim.o
                0x0000000008007550                TIM_OC1_SetConfig
 .text.TIM_OC2_SetConfig
                0x000000000800763c       0xf4 ./Drivers/STM32F7xx_HAL_Driver/Src/stm32f7xx_hal_tim.o
                0x000000000800763c                TIM_OC2_SetConfig
 .text.TIM_OC3_SetConfig
                0x0000000008007730       0xf4 ./Drivers/STM32F7xx_HAL_Driver/Src/stm32f7xx_hal_tim.o
                0x0000000008007730                TIM_OC3_SetConfig
 .text.TIM_OC4_SetConfig
                0x0000000008007824       0xc4 ./Drivers/STM32F7xx_HAL_Driver/Src/stm32f7xx_hal_tim.o
                0x0000000008007824                TIM_OC4_SetConfig
 .text.TIM_TI1_ConfigInputStage
                0x00000000080078e8       0x66 ./Drivers/STM32F7xx_HAL_Driver/Src/stm32f7xx_hal_tim.o
 .text.TIM_TI2_ConfigInputStage
                0x000000000800794e       0x68 ./Drivers/STM32F7xx_HAL_Driver/Src/stm32f7xx_hal_tim.o
 .text.TIM_ITRx_SetConfig
                0x00000000080079b6       0x40 ./Drivers/STM32F7xx_HAL_Driver/Src/stm32f7xx_hal_tim.o
 .text.TIM_ETR_SetConfig
                0x00000000080079f6       0x44 ./Drivers/STM32F7xx_HAL_Driver/Src/stm32f7xx_hal_tim.o
                0x00000000080079f6                TIM_ETR_SetConfig
 *fill*         0x0000000008007a3a        0x2 
 .text.HAL_TIMEx_MasterConfigSynchronization
                0x0000000008007a3c       0xa8 ./Drivers/STM32F7xx_HAL_Driver/Src/stm32f7xx_hal_tim_ex.o
                0x0000000008007a3c                HAL_TIMEx_MasterConfigSynchronization
 .text.HAL_TIM_PWM_ConfigChannel
                0x0000000008007ae4      0x230 ./Drivers/STM32F7xx_HAL_Driver/Src/stm32f7xx_hal_tim_ex.o
                0x0000000008007ae4                HAL_TIM_PWM_ConfigChannel
 .text.TIM_OC5_SetConfig
                0x0000000008007d14       0xb0 ./Drivers/STM32F7xx_HAL_Driver/Src/stm32f7xx_hal_tim_ex.o
 .text.TIM_OC6_SetConfig
                0x0000000008007dc4       0xb4 ./Drivers/STM32F7xx_HAL_Driver/Src/stm32f7xx_hal_tim_ex.o
 .text.HAL_UART_Init
                0x0000000008007e78       0xa2 ./Drivers/STM32F7xx_HAL_Driver/Src/stm32f7xx_hal_uart.o
                0x0000000008007e78                HAL_UART_Init
 .text.UART_WaitOnFlagUntilTimeout
                0x0000000008007f1a       0x94 ./Drivers/STM32F7xx_HAL_Driver/Src/stm32f7xx_hal_uart.o
                0x0000000008007f1a                UART_WaitOnFlagUntilTimeout
 *fill*         0x0000000008007fae        0x2 
 .text.UART_SetConfig
                0x0000000008007fb0      0x500 ./Drivers/STM32F7xx_HAL_Driver/Src/stm32f7xx_hal_uart.o
                0x0000000008007fb0                UART_SetConfig
 .text.UART_AdvFeatureConfig
                0x00000000080084b0      0x144 ./Drivers/STM32F7xx_HAL_Driver/Src/stm32f7xx_hal_uart.o
                0x00000000080084b0                UART_AdvFeatureConfig
 .text.UART_CheckIdleState
                0x00000000080085f4       0x66 ./Drivers/STM32F7xx_HAL_Driver/Src/stm32f7xx_hal_uart.o
                0x00000000080085f4                UART_CheckIdleState
 *fill*         0x000000000800865a        0x2 
 .text.FMC_SDRAM_Init
                0x000000000800865c       0xe4 ./Drivers/STM32F7xx_HAL_Driver/Src/stm32f7xx_ll_fmc.o
                0x000000000800865c                FMC_SDRAM_Init
 .text.FMC_SDRAM_Timing_Init
                0x0000000008008740      0x100 ./Drivers/STM32F7xx_HAL_Driver/Src/stm32f7xx_ll_fmc.o
                0x0000000008008740                FMC_SDRAM_Timing_Init
 .text.FMC_SDRAM_SendCommand
                0x0000000008008840       0x42 ./Drivers/STM32F7xx_HAL_Driver/Src/stm32f7xx_ll_fmc.o
                0x0000000008008840                FMC_SDRAM_SendCommand
 .text.FMC_SDRAM_ProgramRefreshRate
                0x0000000008008882       0x26 ./Drivers/STM32F7xx_HAL_Driver/Src/stm32f7xx_ll_fmc.o
                0x0000000008008882                FMC_SDRAM_ProgramRefreshRate
 .text.lcd_start_page
                0x00000000080088a8       0xdc ./Src/lcd_start_page.o
                0x00000000080088a8                lcd_start_page
 .text.SCB_EnableICache
                0x0000000008008984       0x40 ./Src/main.o
 .text.SCB_EnableDCache
                0x00000000080089c4       0x88 ./Src/main.o
 .text.initGpio
                0x0000000008008a4c       0x44 ./Src/main.o
                0x0000000008008a4c                initGpio
 .text.reverb_filter
                0x0000000008008a90      0x174 ./Src/main.o
                0x0000000008008a90                reverb_filter
 .text.main     0x0000000008008c04       0x9c ./Src/main.o
                0x0000000008008c04                main
 .text.SystemClock_Config
                0x0000000008008ca0      0x168 ./Src/main.o
                0x0000000008008ca0                SystemClock_Config
 .text.MX_DMA2D_Init
                0x0000000008008e08       0x64 ./Src/main.o
 .text.MX_I2C3_Init
                0x0000000008008e6c       0x80 ./Src/main.o
 .text.MX_LTDC_Init
                0x0000000008008eec      0x120 ./Src/main.o
 .text.MX_SAI2_Init
                0x000000000800900c      0x158 ./Src/main.o
 .text.MX_TIM1_Init
                0x0000000008009164       0xa4 ./Src/main.o
 .text.MX_TIM2_Init
                0x0000000008009208       0x9c ./Src/main.o
 .text.MX_TIM3_Init
                0x00000000080092a4       0x9c ./Src/main.o
 .text.MX_TIM5_Init
                0x0000000008009340       0xec ./Src/main.o
 .text.MX_TIM8_Init
                0x000000000800942c       0xa4 ./Src/main.o
 .text.MX_TIM12_Init
                0x00000000080094d0       0x88 ./Src/main.o
 .text.MX_USART1_UART_Init
                0x0000000008009558       0x60 ./Src/main.o
 .text.MX_USART6_UART_Init
                0x00000000080095b8       0x60 ./Src/main.o
 .text.MX_FMC_Init
                0x0000000008009618       0x90 ./Src/main.o
 .text.MX_GPIO_Init
                0x00000000080096a8      0x61c ./Src/main.o
 .text.Error_Handler
                0x0000000008009cc4        0x6 ./Src/main.o
                0x0000000008009cc4                Error_Handler
 *fill*         0x0000000008009cca        0x2 
 .text.wm8994Init
                0x0000000008009ccc       0x58 ./Src/peripheral.o
                0x0000000008009ccc                wm8994Init
 .text.HAL_MspInit
                0x0000000008009d24       0x48 ./Src/stm32f7xx_hal_msp.o
                0x0000000008009d24                HAL_MspInit
 .text.HAL_DMA2D_MspInit
                0x0000000008009d6c       0x4c ./Src/stm32f7xx_hal_msp.o
                0x0000000008009d6c                HAL_DMA2D_MspInit
 .text.HAL_I2C_MspInit
                0x0000000008009db8       0x88 ./Src/stm32f7xx_hal_msp.o
                0x0000000008009db8                HAL_I2C_MspInit
 .text.HAL_I2C_MspDeInit
                0x0000000008009e40       0x3c ./Src/stm32f7xx_hal_msp.o
                0x0000000008009e40                HAL_I2C_MspDeInit
 .text.HAL_LTDC_MspInit
                0x0000000008009e7c      0x190 ./Src/stm32f7xx_hal_msp.o
                0x0000000008009e7c                HAL_LTDC_MspInit
 .text.HAL_TIM_Base_MspInit
                0x000000000800a00c      0x19c ./Src/stm32f7xx_hal_msp.o
                0x000000000800a00c                HAL_TIM_Base_MspInit
 .text.HAL_TIM_PWM_MspInit
                0x000000000800a1a8       0x40 ./Src/stm32f7xx_hal_msp.o
                0x000000000800a1a8                HAL_TIM_PWM_MspInit
 .text.HAL_TIM_MspPostInit
                0x000000000800a1e8       0xbc ./Src/stm32f7xx_hal_msp.o
                0x000000000800a1e8                HAL_TIM_MspPostInit
 .text.HAL_UART_MspInit
                0x000000000800a2a4      0x128 ./Src/stm32f7xx_hal_msp.o
                0x000000000800a2a4                HAL_UART_MspInit
 .text.HAL_FMC_MspInit
                0x000000000800a3cc      0x114 ./Src/stm32f7xx_hal_msp.o
 .text.HAL_SDRAM_MspInit
                0x000000000800a4e0       0x14 ./Src/stm32f7xx_hal_msp.o
                0x000000000800a4e0                HAL_SDRAM_MspInit
 .text.HAL_SAI_MspInit
                0x000000000800a4f4       0xd4 ./Src/stm32f7xx_hal_msp.o
                0x000000000800a4f4                HAL_SAI_MspInit
 .text.NMI_Handler
                0x000000000800a5c8        0xe ./Src/stm32f7xx_it.o
                0x000000000800a5c8                NMI_Handler
 .text.HardFault_Handler
                0x000000000800a5d6        0x6 ./Src/stm32f7xx_it.o
                0x000000000800a5d6                HardFault_Handler
 .text.MemManage_Handler
                0x000000000800a5dc        0x6 ./Src/stm32f7xx_it.o
                0x000000000800a5dc                MemManage_Handler
 .text.BusFault_Handler
                0x000000000800a5e2        0x6 ./Src/stm32f7xx_it.o
                0x000000000800a5e2                BusFault_Handler
 .text.UsageFault_Handler
                0x000000000800a5e8        0x6 ./Src/stm32f7xx_it.o
                0x000000000800a5e8                UsageFault_Handler
 .text.SVC_Handler
                0x000000000800a5ee        0xe ./Src/stm32f7xx_it.o
                0x000000000800a5ee                SVC_Handler
 .text.DebugMon_Handler
                0x000000000800a5fc        0xe ./Src/stm32f7xx_it.o
                0x000000000800a5fc                DebugMon_Handler
 .text.PendSV_Handler
                0x000000000800a60a        0xe ./Src/stm32f7xx_it.o
                0x000000000800a60a                PendSV_Handler
 .text.SysTick_Handler
                0x000000000800a618        0xc ./Src/stm32f7xx_it.o
                0x000000000800a618                SysTick_Handler
 .text.LTDC_IRQHandler
                0x000000000800a624       0x14 ./Src/stm32f7xx_it.o
                0x000000000800a624                LTDC_IRQHandler
 .text.DMA2D_IRQHandler
                0x000000000800a638       0x14 ./Src/stm32f7xx_it.o
                0x000000000800a638                DMA2D_IRQHandler
 .text.SystemInit
                0x000000000800a64c       0x6c ./Src/system_stm32f7xx.o
                0x000000000800a64c                SystemInit
 .text.Reset_Handler
                0x000000000800a6b8       0x50 ./startup/startup_stm32f746xx.o
                0x000000000800a6b8                Reset_Handler
 .text.Default_Handler
                0x000000000800a708        0x2 ./startup/startup_stm32f746xx.o
                0x000000000800a708                RTC_Alarm_IRQHandler
                0x000000000800a708                EXTI2_IRQHandler
                0x000000000800a708                TIM8_CC_IRQHandler
                0x000000000800a708                UART8_IRQHandler
                0x000000000800a708                SPI4_IRQHandler
                0x000000000800a708                TIM1_CC_IRQHandler
                0x000000000800a708                DMA2_Stream5_IRQHandler
                0x000000000800a708                DMA1_Stream5_IRQHandler
                0x000000000800a708                PVD_IRQHandler
                0x000000000800a708                TAMP_STAMP_IRQHandler
                0x000000000800a708                CAN2_RX1_IRQHandler
                0x000000000800a708                EXTI3_IRQHandler
                0x000000000800a708                TIM8_TRG_COM_TIM14_IRQHandler
                0x000000000800a708                TIM1_UP_TIM10_IRQHandler
                0x000000000800a708                TIM8_UP_TIM13_IRQHandler
                0x000000000800a708                I2C3_ER_IRQHandler
                0x000000000800a708                EXTI0_IRQHandler
                0x000000000800a708                I2C2_EV_IRQHandler
                0x000000000800a708                DMA1_Stream2_IRQHandler
                0x000000000800a708                CAN1_RX0_IRQHandler
                0x000000000800a708                FPU_IRQHandler
                0x000000000800a708                OTG_HS_WKUP_IRQHandler
                0x000000000800a708                LTDC_ER_IRQHandler
                0x000000000800a708                CAN2_SCE_IRQHandler
                0x000000000800a708                DMA2_Stream2_IRQHandler
                0x000000000800a708                SPI1_IRQHandler
                0x000000000800a708                TIM6_DAC_IRQHandler
                0x000000000800a708                TIM1_BRK_TIM9_IRQHandler
                0x000000000800a708                DCMI_IRQHandler
                0x000000000800a708                CAN2_RX0_IRQHandler
                0x000000000800a708                DMA2_Stream3_IRQHandler
                0x000000000800a708                SAI2_IRQHandler
                0x000000000800a708                USART6_IRQHandler
                0x000000000800a708                USART3_IRQHandler
                0x000000000800a708                CAN1_RX1_IRQHandler
                0x000000000800a708                UART5_IRQHandler
                0x000000000800a708                DMA2_Stream0_IRQHandler
                0x000000000800a708                TIM4_IRQHandler
                0x000000000800a708                QUADSPI_IRQHandler
                0x000000000800a708                I2C1_EV_IRQHandler
                0x000000000800a708                DMA1_Stream6_IRQHandler
                0x000000000800a708                DMA1_Stream1_IRQHandler
                0x000000000800a708                UART4_IRQHandler
                0x000000000800a708                TIM3_IRQHandler
                0x000000000800a708                RCC_IRQHandler
                0x000000000800a708                TIM8_BRK_TIM12_IRQHandler
                0x000000000800a708                Default_Handler
                0x000000000800a708                CEC_IRQHandler
                0x000000000800a708                EXTI15_10_IRQHandler
                0x000000000800a708                ADC_IRQHandler
                0x000000000800a708                DMA1_Stream7_IRQHandler
                0x000000000800a708                SPI5_IRQHandler
                0x000000000800a708                TIM7_IRQHandler
                0x000000000800a708                SDMMC1_IRQHandler
                0x000000000800a708                CAN2_TX_IRQHandler
                0x000000000800a708                TIM5_IRQHandler
                0x000000000800a708                DMA2_Stream7_IRQHandler
                0x000000000800a708                I2C3_EV_IRQHandler
                0x000000000800a708                EXTI9_5_IRQHandler
                0x000000000800a708                RTC_WKUP_IRQHandler
                0x000000000800a708                ETH_WKUP_IRQHandler
                0x000000000800a708                SPDIF_RX_IRQHandler
                0x000000000800a708                SPI2_IRQHandler
                0x000000000800a708                OTG_HS_EP1_IN_IRQHandler
                0x000000000800a708                DMA1_Stream0_IRQHandler
                0x000000000800a708                CAN1_TX_IRQHandler
                0x000000000800a708                EXTI4_IRQHandler
                0x000000000800a708                RNG_IRQHandler
                0x000000000800a708                ETH_IRQHandler
                0x000000000800a708                OTG_HS_EP1_OUT_IRQHandler
                0x000000000800a708                WWDG_IRQHandler
                0x000000000800a708                SPI6_IRQHandler
                0x000000000800a708                I2C4_EV_IRQHandler
                0x000000000800a708                TIM2_IRQHandler
                0x000000000800a708                OTG_FS_WKUP_IRQHandler
                0x000000000800a708                TIM1_TRG_COM_TIM11_IRQHandler
                0x000000000800a708                OTG_HS_IRQHandler
                0x000000000800a708                EXTI1_IRQHandler
                0x000000000800a708                UART7_IRQHandler
                0x000000000800a708                USART2_IRQHandler
                0x000000000800a708                I2C2_ER_IRQHandler
                0x000000000800a708                DMA2_Stream1_IRQHandler
                0x000000000800a708                CAN1_SCE_IRQHandler
                0x000000000800a708                FLASH_IRQHandler
                0x000000000800a708                DMA2_Stream4_IRQHandler
                0x000000000800a708                USART1_IRQHandler
                0x000000000800a708                OTG_FS_IRQHandler
                0x000000000800a708                SPI3_IRQHandler
                0x000000000800a708                DMA1_Stream4_IRQHandler
                0x000000000800a708                I2C1_ER_IRQHandler
                0x000000000800a708                FMC_IRQHandler
                0x000000000800a708                LPTIM1_IRQHandler
                0x000000000800a708                I2C4_ER_IRQHandler
                0x000000000800a708                DMA2_Stream6_IRQHandler
                0x000000000800a708                SAI1_IRQHandler
                0x000000000800a708                DMA1_Stream3_IRQHandler
 *fill*         0x000000000800a70a        0x2 
 .text.__libc_init_array
                0x000000000800a70c       0x48 d:/st/stm32cubeide_1.8.0/stm32cubeide/plugins/com.st.stm32cube.ide.mcu.externaltools.gnu-tools-for-stm32.9-2020-q2-update.win32_2.0.0.202105311346/tools/bin/../lib/gcc/arm-none-eabi/9.3.1/../../../../arm-none-eabi/lib/thumb/v7e-m+fp/hard\libc_nano.a(lib_a-init.o)
                0x000000000800a70c                __libc_init_array
 .text.memset   0x000000000800a754       0x10 d:/st/stm32cubeide_1.8.0/stm32cubeide/plugins/com.st.stm32cube.ide.mcu.externaltools.gnu-tools-for-stm32.9-2020-q2-update.win32_2.0.0.202105311346/tools/bin/../lib/gcc/arm-none-eabi/9.3.1/../../../../arm-none-eabi/lib/thumb/v7e-m+fp/hard\libc_nano.a(lib_a-memset.o)
                0x000000000800a754                memset
 *(.glue_7)
 .glue_7        0x000000000800a764        0x0 linker stubs
 *(.glue_7t)
 .glue_7t       0x000000000800a764        0x0 linker stubs
 *(.eh_frame)
 .eh_frame      0x000000000800a764        0x0 d:/st/stm32cubeide_1.8.0/stm32cubeide/plugins/com.st.stm32cube.ide.mcu.externaltools.gnu-tools-for-stm32.9-2020-q2-update.win32_2.0.0.202105311346/tools/bin/../lib/gcc/arm-none-eabi/9.3.1/thumb/v7e-m+fp/hard/crtbegin.o
 *(.init)
 .init          0x000000000800a764        0x4 d:/st/stm32cubeide_1.8.0/stm32cubeide/plugins/com.st.stm32cube.ide.mcu.externaltools.gnu-tools-for-stm32.9-2020-q2-update.win32_2.0.0.202105311346/tools/bin/../lib/gcc/arm-none-eabi/9.3.1/thumb/v7e-m+fp/hard/crti.o
                0x000000000800a764                _init
 .init          0x000000000800a768        0x8 d:/st/stm32cubeide_1.8.0/stm32cubeide/plugins/com.st.stm32cube.ide.mcu.externaltools.gnu-tools-for-stm32.9-2020-q2-update.win32_2.0.0.202105311346/tools/bin/../lib/gcc/arm-none-eabi/9.3.1/thumb/v7e-m+fp/hard/crtn.o
 *(.fini)
 .fini          0x000000000800a770        0x4 d:/st/stm32cubeide_1.8.0/stm32cubeide/plugins/com.st.stm32cube.ide.mcu.externaltools.gnu-tools-for-stm32.9-2020-q2-update.win32_2.0.0.202105311346/tools/bin/../lib/gcc/arm-none-eabi/9.3.1/thumb/v7e-m+fp/hard/crti.o
                0x000000000800a770                _fini
 .fini          0x000000000800a774        0x8 d:/st/stm32cubeide_1.8.0/stm32cubeide/plugins/com.st.stm32cube.ide.mcu.externaltools.gnu-tools-for-stm32.9-2020-q2-update.win32_2.0.0.202105311346/tools/bin/../lib/gcc/arm-none-eabi/9.3.1/thumb/v7e-m+fp/hard/crtn.o
                0x000000000800a77c                . = ALIGN (0x4)
                0x000000000800a77c                _etext = .

.vfp11_veneer   0x000000000800a77c        0x0
 .vfp11_veneer  0x000000000800a77c        0x0 linker stubs

.v4_bx          0x000000000800a77c        0x0
 .v4_bx         0x000000000800a77c        0x0 linker stubs

.iplt           0x000000000800a77c        0x0
 .iplt          0x000000000800a77c        0x0 d:/st/stm32cubeide_1.8.0/stm32cubeide/plugins/com.st.stm32cube.ide.mcu.externaltools.gnu-tools-for-stm32.9-2020-q2-update.win32_2.0.0.202105311346/tools/bin/../lib/gcc/arm-none-eabi/9.3.1/thumb/v7e-m+fp/hard/crtbegin.o

.rodata         0x000000000800a77c     0x4f3c
                0x000000000800a77c                . = ALIGN (0x4)
 *(.rodata)
 .rodata        0x000000000800a77c       0x36 ./Src/lcd_start_page.o
 *(.rodata*)
 *fill*         0x000000000800a7b2        0x2 
 .rodata.Font24_Table
                0x000000000800a7b4     0x1ab8 ./Drivers/BSP/STM32746G-Discovery/stm32746g_discovery_lcd.o
                0x000000000800a7b4                Font24_Table
 .rodata.Font16_Table
                0x000000000800c26c      0xbe0 ./Drivers/BSP/STM32746G-Discovery/stm32746g_discovery_lcd.o
                0x000000000800c26c                Font16_Table
 .rodata.Font12_Table
                0x000000000800ce4c      0x474 ./Drivers/BSP/STM32746G-Discovery/stm32746g_discovery_lcd.o
                0x000000000800ce4c                Font12_Table
 .rodata.flagBitshiftOffset.10465
                0x000000000800d2c0        0x8 ./Drivers/STM32F7xx_HAL_Driver/Src/stm32f7xx_hal_dma.o
 .rodata.stlogo
                0x000000000800d2c8     0x23d6 ./Src/lcd_start_page.o
                0x000000000800d2c8                stlogo
 *fill*         0x000000000800f69e        0x2 
 .rodata.AHBPrescTable
                0x000000000800f6a0       0x10 ./Src/system_stm32f7xx.o
                0x000000000800f6a0                AHBPrescTable
 .rodata.APBPrescTable
                0x000000000800f6b0        0x8 ./Src/system_stm32f7xx.o
                0x000000000800f6b0                APBPrescTable
                0x000000000800f6b8                . = ALIGN (0x4)

.ARM.extab
 *(.ARM.extab* .gnu.linkonce.armextab.*)

.ARM            0x000000000800f6b8        0x8
                0x000000000800f6b8                __exidx_start = .
 *(.ARM.exidx*)
 .ARM.exidx     0x000000000800f6b8        0x8 d:/st/stm32cubeide_1.8.0/stm32cubeide/plugins/com.st.stm32cube.ide.mcu.externaltools.gnu-tools-for-stm32.9-2020-q2-update.win32_2.0.0.202105311346/tools/bin/../lib/gcc/arm-none-eabi/9.3.1/thumb/v7e-m+fp/hard\libgcc.a(_udivmoddi4.o)
                0x000000000800f6c0                __exidx_end = .

.rel.dyn        0x000000000800f6c0        0x0
 .rel.iplt      0x000000000800f6c0        0x0 d:/st/stm32cubeide_1.8.0/stm32cubeide/plugins/com.st.stm32cube.ide.mcu.externaltools.gnu-tools-for-stm32.9-2020-q2-update.win32_2.0.0.202105311346/tools/bin/../lib/gcc/arm-none-eabi/9.3.1/thumb/v7e-m+fp/hard/crtbegin.o

.preinit_array  0x000000000800f6c0        0x0
                0x000000000800f6c0                PROVIDE (__preinit_array_start = .)
 *(.preinit_array*)
                0x000000000800f6c0                PROVIDE (__preinit_array_end = .)

.init_array     0x000000000800f6c0        0x4
                0x000000000800f6c0                PROVIDE (__init_array_start = .)
 *(SORT_BY_NAME(.init_array.*))
 *(.init_array*)
 .init_array    0x000000000800f6c0        0x4 d:/st/stm32cubeide_1.8.0/stm32cubeide/plugins/com.st.stm32cube.ide.mcu.externaltools.gnu-tools-for-stm32.9-2020-q2-update.win32_2.0.0.202105311346/tools/bin/../lib/gcc/arm-none-eabi/9.3.1/thumb/v7e-m+fp/hard/crtbegin.o
                0x000000000800f6c4                PROVIDE (__init_array_end = .)

.fini_array     0x000000000800f6c4        0x4
                [!provide]                        PROVIDE (__fini_array_start = .)
 *(SORT_BY_NAME(.fini_array.*))
 *(.fini_array*)
 .fini_array    0x000000000800f6c4        0x4 d:/st/stm32cubeide_1.8.0/stm32cubeide/plugins/com.st.stm32cube.ide.mcu.externaltools.gnu-tools-for-stm32.9-2020-q2-update.win32_2.0.0.202105311346/tools/bin/../lib/gcc/arm-none-eabi/9.3.1/thumb/v7e-m+fp/hard/crtbegin.o
                [!provide]                        PROVIDE (__fini_array_end = .)
                0x000000000800f6c8                _sidata = LOADADDR (.data)

.data           0x0000000020000000       0x5c load address 0x000000000800f6c8
                0x0000000020000000                . = ALIGN (0x4)
                0x0000000020000000                _sdata = .
 *(.data)
 *(.data*)
 .data.wm8994_drv
                0x0000000020000000       0x30 ./Drivers/BSP/Components/wm8994/wm8994.o
                0x0000000020000000                wm8994_drv
 .data.ColdStartup
                0x0000000020000030        0x1 ./Drivers/BSP/Components/wm8994/wm8994.o
 *fill*         0x0000000020000031        0x3 
 .data.Font24   0x0000000020000034        0x8 ./Drivers/BSP/STM32746G-Discovery/stm32746g_discovery_lcd.o
                0x0000000020000034                Font24
 .data.Font16   0x000000002000003c        0x8 ./Drivers/BSP/STM32746G-Discovery/stm32746g_discovery_lcd.o
                0x000000002000003c                Font16
 .data.Font12   0x0000000020000044        0x8 ./Drivers/BSP/STM32746G-Discovery/stm32746g_discovery_lcd.o
                0x0000000020000044                Font12
 .data.sdramstatus.10381
                0x000000002000004c        0x1 ./Drivers/BSP/STM32746G-Discovery/stm32746g_discovery_sdram.o
 *fill*         0x000000002000004d        0x3 
 .data.uwTickPrio
                0x0000000020000050        0x4 ./Drivers/STM32F7xx_HAL_Driver/Src/stm32f7xx_hal.o
                0x0000000020000050                uwTickPrio
 .data.uwTickFreq
                0x0000000020000054        0x1 ./Drivers/STM32F7xx_HAL_Driver/Src/stm32f7xx_hal.o
                0x0000000020000054                uwTickFreq
 *fill*         0x0000000020000055        0x1 
 .data.index    0x0000000020000056        0x2 ./Src/main.o
                0x0000000020000056                index
 .data.SystemCoreClock
                0x0000000020000058        0x4 ./Src/system_stm32f7xx.o
                0x0000000020000058                SystemCoreClock
                0x000000002000005c                . = ALIGN (0x4)
                0x000000002000005c                _edata = .

.igot.plt       0x000000002000005c        0x0 load address 0x000000000800f724
 .igot.plt      0x000000002000005c        0x0 d:/st/stm32cubeide_1.8.0/stm32cubeide/plugins/com.st.stm32cube.ide.mcu.externaltools.gnu-tools-for-stm32.9-2020-q2-update.win32_2.0.0.202105311346/tools/bin/../lib/gcc/arm-none-eabi/9.3.1/thumb/v7e-m+fp/hard/crtbegin.o
                0x000000002000005c                . = ALIGN (0x4)

.bss            0x000000002000005c     0x4660 load address 0x000000000800f724
                0x000000002000005c                _sbss = .
                0x000000002000005c                __bss_start__ = _sbss
 *(.bss)
 .bss           0x000000002000005c       0x1c d:/st/stm32cubeide_1.8.0/stm32cubeide/plugins/com.st.stm32cube.ide.mcu.externaltools.gnu-tools-for-stm32.9-2020-q2-update.win32_2.0.0.202105311346/tools/bin/../lib/gcc/arm-none-eabi/9.3.1/thumb/v7e-m+fp/hard/crtbegin.o
 *(.bss*)
 .bss.outputEnabled
                0x0000000020000078        0x4 ./Drivers/BSP/Components/wm8994/wm8994.o
 .bss.inputEnabled
                0x000000002000007c        0x4 ./Drivers/BSP/Components/wm8994/wm8994.o
 .bss.hI2cAudioHandler
                0x0000000020000080       0x4c ./Drivers/BSP/STM32746G-Discovery/stm32746g_discovery.o
 .bss.hDma2dHandler
                0x00000000200000cc       0x40 ./Drivers/BSP/STM32746G-Discovery/stm32746g_discovery_lcd.o
 .bss.ActiveLayer
                0x000000002000010c        0x4 ./Drivers/BSP/STM32746G-Discovery/stm32746g_discovery_lcd.o
 .bss.DrawProp  0x0000000020000110       0x18 ./Drivers/BSP/STM32746G-Discovery/stm32746g_discovery_lcd.o
 .bss.periph_clk_init_struct.10968
                0x0000000020000128       0x84 ./Drivers/BSP/STM32746G-Discovery/stm32746g_discovery_lcd.o
 .bss.Timing    0x00000000200001ac       0x1c ./Drivers/BSP/STM32746G-Discovery/stm32746g_discovery_sdram.o
 .bss.Command   0x00000000200001c8       0x10 ./Drivers/BSP/STM32746G-Discovery/stm32746g_discovery_sdram.o
 .bss.dma_handle.10417
                0x00000000200001d8       0x60 ./Drivers/BSP/STM32746G-Discovery/stm32746g_discovery_sdram.o
 .bss.bufferOutputRight
                0x0000000020000238     0x1f40 ./Src/main.o
                0x0000000020000238                bufferOutputRight
 .bss.bufferOutputLeft
                0x0000000020002178     0x1f40 ./Src/main.o
                0x0000000020002178                bufferOutputLeft
 .bss.echInputLeft
                0x00000000200040b8        0x2 ./Src/main.o
                0x00000000200040b8                echInputLeft
 .bss.echInputRight
                0x00000000200040ba        0x2 ./Src/main.o
                0x00000000200040ba                echInputRight
 .bss.echOutputRight
                0x00000000200040bc        0x2 ./Src/main.o
                0x00000000200040bc                echOutputRight
 .bss.echOutputLeft
                0x00000000200040be        0x2 ./Src/main.o
                0x00000000200040be                echOutputLeft
 .bss.FMC_Initialized
                0x00000000200040c0        0x4 ./Src/stm32f7xx_hal_msp.o
 .bss.SAI2_client
                0x00000000200040c4        0x4 ./Src/stm32f7xx_hal_msp.o
 *(COMMON)
 COMMON         0x00000000200040c8       0x44 ./Drivers/BSP/STM32746G-Discovery/stm32746g_discovery_audio.o
                0x00000000200040c8                haudio_tim
                0x0000000020004108                audio_drv
 COMMON         0x000000002000410c       0xa8 ./Drivers/BSP/STM32746G-Discovery/stm32746g_discovery_lcd.o
                0x000000002000410c                hLtdcHandler
 COMMON         0x00000000200041b4       0x34 ./Drivers/BSP/STM32746G-Discovery/stm32746g_discovery_sdram.o
                0x00000000200041b4                sdramHandle
 COMMON         0x00000000200041e8        0x4 ./Drivers/STM32F7xx_HAL_Driver/Src/stm32f7xx_hal.o
                0x00000000200041e8                uwTick
 COMMON         0x00000000200041ec      0x4d0 ./Src/main.o
                0x00000000200041ec                hsai_BlockB2
                0x0000000020004270                hi2c3
                0x00000000200042bc                htim8
                0x00000000200042fc                hsai_BlockA2
                0x0000000020004380                htim5
                0x00000000200043c0                htim3
                0x0000000020004400                hltdc
                0x00000000200044a8                huart1
                0x0000000020004518                htim1
                0x0000000020004558                huart6
                0x00000000200045c8                hdma2d
                0x0000000020004608                htim2
                0x0000000020004648                htim12
                0x0000000020004688                hsdram1
                0x00000000200046bc                . = ALIGN (0x4)
                0x00000000200046bc                _ebss = .
                0x00000000200046bc                __bss_end__ = _ebss

._user_heap_stack
                0x00000000200046bc      0x600 load address 0x000000000800f724
                0x00000000200046bc                . = ALIGN (0x4)
                [!provide]                        PROVIDE (end = .)
                [!provide]                        PROVIDE (_end = .)
                0x00000000200048bc                . = (. + _Min_Heap_Size)
 *fill*         0x00000000200046bc      0x200 
                0x0000000020004cbc                . = (. + _Min_Stack_Size)
 *fill*         0x00000000200048bc      0x400 
                0x0000000020004cbc                . = ALIGN (0x4)

/DISCARD/
 libc.a(*)
 libm.a(*)
 libgcc.a(*)

.ARM.attributes
                0x0000000000000000       0x30
 *(.ARM.attributes)
 .ARM.attributes
                0x0000000000000000       0x1e d:/st/stm32cubeide_1.8.0/stm32cubeide/plugins/com.st.stm32cube.ide.mcu.externaltools.gnu-tools-for-stm32.9-2020-q2-update.win32_2.0.0.202105311346/tools/bin/../lib/gcc/arm-none-eabi/9.3.1/thumb/v7e-m+fp/hard/crti.o
 .ARM.attributes
                0x000000000000001e       0x34 d:/st/stm32cubeide_1.8.0/stm32cubeide/plugins/com.st.stm32cube.ide.mcu.externaltools.gnu-tools-for-stm32.9-2020-q2-update.win32_2.0.0.202105311346/tools/bin/../lib/gcc/arm-none-eabi/9.3.1/thumb/v7e-m+fp/hard/crtbegin.o
 .ARM.attributes
                0x0000000000000052       0x34 ./Drivers/BSP/Components/wm8994/wm8994.o
 .ARM.attributes
                0x0000000000000086       0x34 ./Drivers/BSP/STM32746G-Discovery/stm32746g_discovery.o
 .ARM.attributes
                0x00000000000000ba       0x34 ./Drivers/BSP/STM32746G-Discovery/stm32746g_discovery_audio.o
 .ARM.attributes
                0x00000000000000ee       0x34 ./Drivers/BSP/STM32746G-Discovery/stm32746g_discovery_lcd.o
 .ARM.attributes
                0x0000000000000122       0x34 ./Drivers/BSP/STM32746G-Discovery/stm32746g_discovery_sdram.o
 .ARM.attributes
                0x0000000000000156       0x34 ./Drivers/STM32F7xx_HAL_Driver/Src/stm32f7xx_hal.o
 .ARM.attributes
                0x000000000000018a       0x34 ./Drivers/STM32F7xx_HAL_Driver/Src/stm32f7xx_hal_cortex.o
 .ARM.attributes
                0x00000000000001be       0x34 ./Drivers/STM32F7xx_HAL_Driver/Src/stm32f7xx_hal_dma.o
 .ARM.attributes
                0x00000000000001f2       0x34 ./Drivers/STM32F7xx_HAL_Driver/Src/stm32f7xx_hal_dma2d.o
 .ARM.attributes
                0x0000000000000226       0x34 ./Drivers/STM32F7xx_HAL_Driver/Src/stm32f7xx_hal_gpio.o
 .ARM.attributes
                0x000000000000025a       0x34 ./Drivers/STM32F7xx_HAL_Driver/Src/stm32f7xx_hal_i2c.o
 .ARM.attributes
                0x000000000000028e       0x34 ./Drivers/STM32F7xx_HAL_Driver/Src/stm32f7xx_hal_i2c_ex.o
 .ARM.attributes
                0x00000000000002c2       0x34 ./Drivers/STM32F7xx_HAL_Driver/Src/stm32f7xx_hal_ltdc.o
 .ARM.attributes
                0x00000000000002f6       0x34 ./Drivers/STM32F7xx_HAL_Driver/Src/stm32f7xx_hal_pwr.o
 .ARM.attributes
                0x000000000000032a       0x34 ./Drivers/STM32F7xx_HAL_Driver/Src/stm32f7xx_hal_pwr_ex.o
 .ARM.attributes
                0x000000000000035e       0x34 ./Drivers/STM32F7xx_HAL_Driver/Src/stm32f7xx_hal_rcc.o
 .ARM.attributes
                0x0000000000000392       0x34 ./Drivers/STM32F7xx_HAL_Driver/Src/stm32f7xx_hal_rcc_ex.o
 .ARM.attributes
                0x00000000000003c6       0x34 ./Drivers/STM32F7xx_HAL_Driver/Src/stm32f7xx_hal_sai.o
 .ARM.attributes
                0x00000000000003fa       0x34 ./Drivers/STM32F7xx_HAL_Driver/Src/stm32f7xx_hal_sdram.o
 .ARM.attributes
                0x000000000000042e       0x34 ./Drivers/STM32F7xx_HAL_Driver/Src/stm32f7xx_hal_tim.o
 .ARM.attributes
                0x0000000000000462       0x34 ./Drivers/STM32F7xx_HAL_Driver/Src/stm32f7xx_hal_tim_ex.o
 .ARM.attributes
                0x0000000000000496       0x34 ./Drivers/STM32F7xx_HAL_Driver/Src/stm32f7xx_hal_uart.o
 .ARM.attributes
                0x00000000000004ca       0x34 ./Drivers/STM32F7xx_HAL_Driver/Src/stm32f7xx_ll_fmc.o
 .ARM.attributes
                0x00000000000004fe       0x34 ./Src/lcd_start_page.o
 .ARM.attributes
                0x0000000000000532       0x34 ./Src/main.o
 .ARM.attributes
                0x0000000000000566       0x34 ./Src/peripheral.o
 .ARM.attributes
                0x000000000000059a       0x34 ./Src/stm32f7xx_hal_msp.o
 .ARM.attributes
                0x00000000000005ce       0x34 ./Src/stm32f7xx_it.o
 .ARM.attributes
                0x0000000000000602       0x34 ./Src/system_stm32f7xx.o
 .ARM.attributes
                0x0000000000000636       0x21 ./startup/startup_stm32f746xx.o
 .ARM.attributes
                0x0000000000000657       0x34 d:/st/stm32cubeide_1.8.0/stm32cubeide/plugins/com.st.stm32cube.ide.mcu.externaltools.gnu-tools-for-stm32.9-2020-q2-update.win32_2.0.0.202105311346/tools/bin/../lib/gcc/arm-none-eabi/9.3.1/../../../../arm-none-eabi/lib/thumb/v7e-m+fp/hard\libc_nano.a(lib_a-init.o)
 .ARM.attributes
                0x000000000000068b       0x34 d:/st/stm32cubeide_1.8.0/stm32cubeide/plugins/com.st.stm32cube.ide.mcu.externaltools.gnu-tools-for-stm32.9-2020-q2-update.win32_2.0.0.202105311346/tools/bin/../lib/gcc/arm-none-eabi/9.3.1/../../../../arm-none-eabi/lib/thumb/v7e-m+fp/hard\libc_nano.a(lib_a-memset.o)
 .ARM.attributes
                0x00000000000006bf       0x1e d:/st/stm32cubeide_1.8.0/stm32cubeide/plugins/com.st.stm32cube.ide.mcu.externaltools.gnu-tools-for-stm32.9-2020-q2-update.win32_2.0.0.202105311346/tools/bin/../lib/gcc/arm-none-eabi/9.3.1/thumb/v7e-m+fp/hard\libgcc.a(_aeabi_uldivmod.o)
 .ARM.attributes
                0x00000000000006dd       0x34 d:/st/stm32cubeide_1.8.0/stm32cubeide/plugins/com.st.stm32cube.ide.mcu.externaltools.gnu-tools-for-stm32.9-2020-q2-update.win32_2.0.0.202105311346/tools/bin/../lib/gcc/arm-none-eabi/9.3.1/thumb/v7e-m+fp/hard\libgcc.a(_udivmoddi4.o)
 .ARM.attributes
                0x0000000000000711       0x1e d:/st/stm32cubeide_1.8.0/stm32cubeide/plugins/com.st.stm32cube.ide.mcu.externaltools.gnu-tools-for-stm32.9-2020-q2-update.win32_2.0.0.202105311346/tools/bin/../lib/gcc/arm-none-eabi/9.3.1/thumb/v7e-m+fp/hard\libgcc.a(_dvmd_tls.o)
 .ARM.attributes
                0x000000000000072f       0x1e d:/st/stm32cubeide_1.8.0/stm32cubeide/plugins/com.st.stm32cube.ide.mcu.externaltools.gnu-tools-for-stm32.9-2020-q2-update.win32_2.0.0.202105311346/tools/bin/../lib/gcc/arm-none-eabi/9.3.1/thumb/v7e-m+fp/hard/crtn.o
OUTPUT(TP_DSP_M1ESET.elf elf32-littlearm)
LOAD linker stubs
LOAD d:/st/stm32cubeide_1.8.0/stm32cubeide/plugins/com.st.stm32cube.ide.mcu.externaltools.gnu-tools-for-stm32.9-2020-q2-update.win32_2.0.0.202105311346/tools/bin/../lib/gcc/arm-none-eabi/9.3.1/../../../../arm-none-eabi/lib/thumb/v7e-m+fp/hard\libc.a
LOAD d:/st/stm32cubeide_1.8.0/stm32cubeide/plugins/com.st.stm32cube.ide.mcu.externaltools.gnu-tools-for-stm32.9-2020-q2-update.win32_2.0.0.202105311346/tools/bin/../lib/gcc/arm-none-eabi/9.3.1/../../../../arm-none-eabi/lib/thumb/v7e-m+fp/hard\libm.a
LOAD d:/st/stm32cubeide_1.8.0/stm32cubeide/plugins/com.st.stm32cube.ide.mcu.externaltools.gnu-tools-for-stm32.9-2020-q2-update.win32_2.0.0.202105311346/tools/bin/../lib/gcc/arm-none-eabi/9.3.1/thumb/v7e-m+fp/hard\libgcc.a

.debug_info     0x0000000000000000    0x2e21f
 .debug_info    0x0000000000000000      0x619 ./Drivers/BSP/Components/wm8994/wm8994.o
 .debug_info    0x0000000000000619     0x2378 ./Drivers/BSP/STM32746G-Discovery/stm32746g_discovery.o
 .debug_info    0x0000000000002991     0x24d3 ./Drivers/BSP/STM32746G-Discovery/stm32746g_discovery_audio.o
 .debug_info    0x0000000000004e64     0x2cdb ./Drivers/BSP/STM32746G-Discovery/stm32746g_discovery_lcd.o
 .debug_info    0x0000000000007b3f     0x1831 ./Drivers/BSP/STM32746G-Discovery/stm32746g_discovery_sdram.o
 .debug_info    0x0000000000009370     0x1334 ./Drivers/STM32F7xx_HAL_Driver/Src/stm32f7xx_hal.o
 .debug_info    0x000000000000a6a4     0x195a ./Drivers/STM32F7xx_HAL_Driver/Src/stm32f7xx_hal_cortex.o
 .debug_info    0x000000000000bffe     0x123a ./Drivers/STM32F7xx_HAL_Driver/Src/stm32f7xx_hal_dma.o
 .debug_info    0x000000000000d238     0x17ef ./Drivers/STM32F7xx_HAL_Driver/Src/stm32f7xx_hal_dma2d.o
 .debug_info    0x000000000000ea27     0x10a4 ./Drivers/STM32F7xx_HAL_Driver/Src/stm32f7xx_hal_gpio.o
 .debug_info    0x000000000000facb     0x263f ./Drivers/STM32F7xx_HAL_Driver/Src/stm32f7xx_hal_i2c.o
 .debug_info    0x000000000001210a      0xff1 ./Drivers/STM32F7xx_HAL_Driver/Src/stm32f7xx_hal_i2c_ex.o
 .debug_info    0x00000000000130fb     0x1a49 ./Drivers/STM32F7xx_HAL_Driver/Src/stm32f7xx_hal_ltdc.o
 .debug_info    0x0000000000014b44     0x1353 ./Drivers/STM32F7xx_HAL_Driver/Src/stm32f7xx_hal_pwr.o
 .debug_info    0x0000000000015e97     0x1280 ./Drivers/STM32F7xx_HAL_Driver/Src/stm32f7xx_hal_pwr_ex.o
 .debug_info    0x0000000000017117     0x1207 ./Drivers/STM32F7xx_HAL_Driver/Src/stm32f7xx_hal_rcc.o
 .debug_info    0x000000000001831e     0x1077 ./Drivers/STM32F7xx_HAL_Driver/Src/stm32f7xx_hal_rcc_ex.o
 .debug_info    0x0000000000019395     0x1a97 ./Drivers/STM32F7xx_HAL_Driver/Src/stm32f7xx_hal_sai.o
 .debug_info    0x000000000001ae2c     0x15a2 ./Drivers/STM32F7xx_HAL_Driver/Src/stm32f7xx_hal_sdram.o
 .debug_info    0x000000000001c3ce     0x2cf7 ./Drivers/STM32F7xx_HAL_Driver/Src/stm32f7xx_hal_tim.o
 .debug_info    0x000000000001f0c5     0x1c75 ./Drivers/STM32F7xx_HAL_Driver/Src/stm32f7xx_hal_tim_ex.o
 .debug_info    0x0000000000020d3a     0x1d34 ./Drivers/STM32F7xx_HAL_Driver/Src/stm32f7xx_hal_uart.o
 .debug_info    0x0000000000022a6e     0x15e1 ./Drivers/STM32F7xx_HAL_Driver/Src/stm32f7xx_ll_fmc.o
 .debug_info    0x000000000002404f      0xc87 ./Src/lcd_start_page.o
 .debug_info    0x0000000000024cd6     0x36d2 ./Src/main.o
 .debug_info    0x00000000000283a8      0xb77 ./Src/peripheral.o
 .debug_info    0x0000000000028f1f     0x2f3e ./Src/stm32f7xx_hal_msp.o
 .debug_info    0x000000000002be5d     0x13a8 ./Src/stm32f7xx_it.o
 .debug_info    0x000000000002d205      0xff8 ./Src/system_stm32f7xx.o
 .debug_info    0x000000000002e1fd       0x22 ./startup/startup_stm32f746xx.o

.debug_abbrev   0x0000000000000000     0x4d97
 .debug_abbrev  0x0000000000000000      0x165 ./Drivers/BSP/Components/wm8994/wm8994.o
 .debug_abbrev  0x0000000000000165      0x31e ./Drivers/BSP/STM32746G-Discovery/stm32746g_discovery.o
 .debug_abbrev  0x0000000000000483      0x39f ./Drivers/BSP/STM32746G-Discovery/stm32746g_discovery_audio.o
 .debug_abbrev  0x0000000000000822      0x33e ./Drivers/BSP/STM32746G-Discovery/stm32746g_discovery_lcd.o
 .debug_abbrev  0x0000000000000b60      0x2b0 ./Drivers/BSP/STM32746G-Discovery/stm32746g_discovery_sdram.o
 .debug_abbrev  0x0000000000000e10      0x2bf ./Drivers/STM32F7xx_HAL_Driver/Src/stm32f7xx_hal.o
 .debug_abbrev  0x00000000000010cf      0x3c4 ./Drivers/STM32F7xx_HAL_Driver/Src/stm32f7xx_hal_cortex.o
 .debug_abbrev  0x0000000000001493      0x2c5 ./Drivers/STM32F7xx_HAL_Driver/Src/stm32f7xx_hal_dma.o
 .debug_abbrev  0x0000000000001758      0x2c3 ./Drivers/STM32F7xx_HAL_Driver/Src/stm32f7xx_hal_dma2d.o
 .debug_abbrev  0x0000000000001a1b      0x285 ./Drivers/STM32F7xx_HAL_Driver/Src/stm32f7xx_hal_gpio.o
 .debug_abbrev  0x0000000000001ca0      0x2e4 ./Drivers/STM32F7xx_HAL_Driver/Src/stm32f7xx_hal_i2c.o
 .debug_abbrev  0x0000000000001f84      0x208 ./Drivers/STM32F7xx_HAL_Driver/Src/stm32f7xx_hal_i2c_ex.o
 .debug_abbrev  0x000000000000218c      0x2f4 ./Drivers/STM32F7xx_HAL_Driver/Src/stm32f7xx_hal_ltdc.o
 .debug_abbrev  0x0000000000002480      0x283 ./Drivers/STM32F7xx_HAL_Driver/Src/stm32f7xx_hal_pwr.o
 .debug_abbrev  0x0000000000002703      0x2ca ./Drivers/STM32F7xx_HAL_Driver/Src/stm32f7xx_hal_pwr_ex.o
 .debug_abbrev  0x00000000000029cd      0x2da ./Drivers/STM32F7xx_HAL_Driver/Src/stm32f7xx_hal_rcc.o
 .debug_abbrev  0x0000000000002ca7      0x276 ./Drivers/STM32F7xx_HAL_Driver/Src/stm32f7xx_hal_rcc_ex.o
 .debug_abbrev  0x0000000000002f1d      0x2d8 ./Drivers/STM32F7xx_HAL_Driver/Src/stm32f7xx_hal_sai.o
 .debug_abbrev  0x00000000000031f5      0x29e ./Drivers/STM32F7xx_HAL_Driver/Src/stm32f7xx_hal_sdram.o
 .debug_abbrev  0x0000000000003493      0x2bf ./Drivers/STM32F7xx_HAL_Driver/Src/stm32f7xx_hal_tim.o
 .debug_abbrev  0x0000000000003752      0x2c9 ./Drivers/STM32F7xx_HAL_Driver/Src/stm32f7xx_hal_tim_ex.o
 .debug_abbrev  0x0000000000003a1b      0x2f5 ./Drivers/STM32F7xx_HAL_Driver/Src/stm32f7xx_hal_uart.o
 .debug_abbrev  0x0000000000003d10      0x253 ./Drivers/STM32F7xx_HAL_Driver/Src/stm32f7xx_ll_fmc.o
 .debug_abbrev  0x0000000000003f63      0x1f4 ./Src/lcd_start_page.o
 .debug_abbrev  0x0000000000004157      0x356 ./Src/main.o
 .debug_abbrev  0x00000000000044ad      0x1ae ./Src/peripheral.o
 .debug_abbrev  0x000000000000465b      0x2f5 ./Src/stm32f7xx_hal_msp.o
 .debug_abbrev  0x0000000000004950      0x21e ./Src/stm32f7xx_it.o
 .debug_abbrev  0x0000000000004b6e      0x217 ./Src/system_stm32f7xx.o
 .debug_abbrev  0x0000000000004d85       0x12 ./startup/startup_stm32f746xx.o

.debug_aranges  0x0000000000000000     0x1b28
 .debug_aranges
                0x0000000000000000       0x80 ./Drivers/BSP/Components/wm8994/wm8994.o
 .debug_aranges
                0x0000000000000080      0x128 ./Drivers/BSP/STM32746G-Discovery/stm32746g_discovery.o
 .debug_aranges
                0x00000000000001a8      0x160 ./Drivers/BSP/STM32746G-Discovery/stm32746g_discovery_audio.o
 .debug_aranges
                0x0000000000000308      0x1d8 ./Drivers/BSP/STM32746G-Discovery/stm32746g_discovery_lcd.o
 .debug_aranges
                0x00000000000004e0       0x68 ./Drivers/BSP/STM32746G-Discovery/stm32746g_discovery_sdram.o
 .debug_aranges
                0x0000000000000548      0x100 ./Drivers/STM32F7xx_HAL_Driver/Src/stm32f7xx_hal.o
 .debug_aranges
                0x0000000000000648      0x118 ./Drivers/STM32F7xx_HAL_Driver/Src/stm32f7xx_hal_cortex.o
 .debug_aranges
                0x0000000000000760       0x90 ./Drivers/STM32F7xx_HAL_Driver/Src/stm32f7xx_hal_dma.o
 .debug_aranges
                0x00000000000007f0      0x108 ./Drivers/STM32F7xx_HAL_Driver/Src/stm32f7xx_hal_dma2d.o
 .debug_aranges
                0x00000000000008f8       0x58 ./Drivers/STM32F7xx_HAL_Driver/Src/stm32f7xx_hal_gpio.o
 .debug_aranges
                0x0000000000000950      0x260 ./Drivers/STM32F7xx_HAL_Driver/Src/stm32f7xx_hal_i2c.o
 .debug_aranges
                0x0000000000000bb0       0x28 ./Drivers/STM32F7xx_HAL_Driver/Src/stm32f7xx_hal_i2c_ex.o
 .debug_aranges
                0x0000000000000bd8      0x158 ./Drivers/STM32F7xx_HAL_Driver/Src/stm32f7xx_hal_ltdc.o
 .debug_aranges
                0x0000000000000d30       0xa0 ./Drivers/STM32F7xx_HAL_Driver/Src/stm32f7xx_hal_pwr.o
 .debug_aranges
                0x0000000000000dd0       0x80 ./Drivers/STM32F7xx_HAL_Driver/Src/stm32f7xx_hal_pwr_ex.o
 .debug_aranges
                0x0000000000000e50       0x88 ./Drivers/STM32F7xx_HAL_Driver/Src/stm32f7xx_hal_rcc.o
 .debug_aranges
                0x0000000000000ed8       0x50 ./Drivers/STM32F7xx_HAL_Driver/Src/stm32f7xx_hal_rcc_ex.o
 .debug_aranges
                0x0000000000000f28      0x178 ./Drivers/STM32F7xx_HAL_Driver/Src/stm32f7xx_hal_sai.o
 .debug_aranges
                0x00000000000010a0       0xd0 ./Drivers/STM32F7xx_HAL_Driver/Src/stm32f7xx_hal_sdram.o
 .debug_aranges
                0x0000000000001170      0x368 ./Drivers/STM32F7xx_HAL_Driver/Src/stm32f7xx_hal_tim.o
 .debug_aranges
                0x00000000000014d8      0x170 ./Drivers/STM32F7xx_HAL_Driver/Src/stm32f7xx_hal_tim_ex.o
 .debug_aranges
                0x0000000000001648      0x190 ./Drivers/STM32F7xx_HAL_Driver/Src/stm32f7xx_hal_uart.o
 .debug_aranges
                0x00000000000017d8       0xc8 ./Drivers/STM32F7xx_HAL_Driver/Src/stm32f7xx_ll_fmc.o
 .debug_aranges
                0x00000000000018a0       0x20 ./Src/lcd_start_page.o
 .debug_aranges
                0x00000000000018c0       0xd0 ./Src/main.o
 .debug_aranges
                0x0000000000001990       0x20 ./Src/peripheral.o
 .debug_aranges
                0x00000000000019b0       0xb8 ./Src/stm32f7xx_hal_msp.o
 .debug_aranges
                0x0000000000001a68       0x70 ./Src/stm32f7xx_it.o
 .debug_aranges
                0x0000000000001ad8       0x28 ./Src/system_stm32f7xx.o
 .debug_aranges
                0x0000000000001b00       0x28 ./startup/startup_stm32f746xx.o

.debug_ranges   0x0000000000000000     0x1968
 .debug_ranges  0x0000000000000000       0x70 ./Drivers/BSP/Components/wm8994/wm8994.o
 .debug_ranges  0x0000000000000070      0x118 ./Drivers/BSP/STM32746G-Discovery/stm32746g_discovery.o
 .debug_ranges  0x0000000000000188      0x150 ./Drivers/BSP/STM32746G-Discovery/stm32746g_discovery_audio.o
 .debug_ranges  0x00000000000002d8      0x1c8 ./Drivers/BSP/STM32746G-Discovery/stm32746g_discovery_lcd.o
 .debug_ranges  0x00000000000004a0       0x58 ./Drivers/BSP/STM32746G-Discovery/stm32746g_discovery_sdram.o
 .debug_ranges  0x00000000000004f8       0xf0 ./Drivers/STM32F7xx_HAL_Driver/Src/stm32f7xx_hal.o
 .debug_ranges  0x00000000000005e8      0x108 ./Drivers/STM32F7xx_HAL_Driver/Src/stm32f7xx_hal_cortex.o
 .debug_ranges  0x00000000000006f0       0x80 ./Drivers/STM32F7xx_HAL_Driver/Src/stm32f7xx_hal_dma.o
 .debug_ranges  0x0000000000000770       0xf8 ./Drivers/STM32F7xx_HAL_Driver/Src/stm32f7xx_hal_dma2d.o
 .debug_ranges  0x0000000000000868       0x48 ./Drivers/STM32F7xx_HAL_Driver/Src/stm32f7xx_hal_gpio.o
 .debug_ranges  0x00000000000008b0      0x250 ./Drivers/STM32F7xx_HAL_Driver/Src/stm32f7xx_hal_i2c.o
 .debug_ranges  0x0000000000000b00       0x18 ./Drivers/STM32F7xx_HAL_Driver/Src/stm32f7xx_hal_i2c_ex.o
 .debug_ranges  0x0000000000000b18      0x148 ./Drivers/STM32F7xx_HAL_Driver/Src/stm32f7xx_hal_ltdc.o
 .debug_ranges  0x0000000000000c60       0x90 ./Drivers/STM32F7xx_HAL_Driver/Src/stm32f7xx_hal_pwr.o
 .debug_ranges  0x0000000000000cf0       0x70 ./Drivers/STM32F7xx_HAL_Driver/Src/stm32f7xx_hal_pwr_ex.o
 .debug_ranges  0x0000000000000d60       0x78 ./Drivers/STM32F7xx_HAL_Driver/Src/stm32f7xx_hal_rcc.o
 .debug_ranges  0x0000000000000dd8       0x40 ./Drivers/STM32F7xx_HAL_Driver/Src/stm32f7xx_hal_rcc_ex.o
 .debug_ranges  0x0000000000000e18      0x180 ./Drivers/STM32F7xx_HAL_Driver/Src/stm32f7xx_hal_sai.o
 .debug_ranges  0x0000000000000f98       0xc0 ./Drivers/STM32F7xx_HAL_Driver/Src/stm32f7xx_hal_sdram.o
 .debug_ranges  0x0000000000001058      0x358 ./Drivers/STM32F7xx_HAL_Driver/Src/stm32f7xx_hal_tim.o
 .debug_ranges  0x00000000000013b0      0x160 ./Drivers/STM32F7xx_HAL_Driver/Src/stm32f7xx_hal_tim_ex.o
 .debug_ranges  0x0000000000001510      0x180 ./Drivers/STM32F7xx_HAL_Driver/Src/stm32f7xx_hal_uart.o
 .debug_ranges  0x0000000000001690       0xb8 ./Drivers/STM32F7xx_HAL_Driver/Src/stm32f7xx_ll_fmc.o
 .debug_ranges  0x0000000000001748       0x10 ./Src/lcd_start_page.o
 .debug_ranges  0x0000000000001758       0xc0 ./Src/main.o
 .debug_ranges  0x0000000000001818       0x10 ./Src/peripheral.o
 .debug_ranges  0x0000000000001828       0xa8 ./Src/stm32f7xx_hal_msp.o
 .debug_ranges  0x00000000000018d0       0x60 ./Src/stm32f7xx_it.o
 .debug_ranges  0x0000000000001930       0x18 ./Src/system_stm32f7xx.o
 .debug_ranges  0x0000000000001948       0x20 ./startup/startup_stm32f746xx.o

.debug_macro    0x0000000000000000    0x29baa
 .debug_macro   0x0000000000000000       0x81 ./Drivers/BSP/Components/wm8994/wm8994.o
 .debug_macro   0x0000000000000081       0xc4 ./Drivers/BSP/Components/wm8994/wm8994.o
 .debug_macro   0x0000000000000145      0x39c ./Drivers/BSP/STM32746G-Discovery/stm32746g_discovery.o
 .debug_macro   0x00000000000004e1      0x19d ./Drivers/BSP/STM32746G-Discovery/stm32746g_discovery.o
 .debug_macro   0x000000000000067e       0x2e ./Drivers/BSP/STM32746G-Discovery/stm32746g_discovery.o
 .debug_macro   0x00000000000006ac       0x3b ./Drivers/BSP/STM32746G-Discovery/stm32746g_discovery.o
 .debug_macro   0x00000000000006e7       0x35 ./Drivers/BSP/STM32746G-Discovery/stm32746g_discovery.o
 .debug_macro   0x000000000000071c       0x50 ./Drivers/BSP/STM32746G-Discovery/stm32746g_discovery.o
 .debug_macro   0x000000000000076c     0x1114 ./Drivers/BSP/STM32746G-Discovery/stm32746g_discovery.o
 .debug_macro   0x0000000000001880    0x1875a ./Drivers/BSP/STM32746G-Discovery/stm32746g_discovery.o
 .debug_macro   0x0000000000019fda       0x43 ./Drivers/BSP/STM32746G-Discovery/stm32746g_discovery.o
 .debug_macro   0x000000000001a01d     0x35cf ./Drivers/BSP/STM32746G-Discovery/stm32746g_discovery.o
 .debug_macro   0x000000000001d5ec       0x52 ./Drivers/BSP/STM32746G-Discovery/stm32746g_discovery.o
 .debug_macro   0x000000000001d63e       0x57 ./Drivers/BSP/STM32746G-Discovery/stm32746g_discovery.o
 .debug_macro   0x000000000001d695     0x18ad ./Drivers/BSP/STM32746G-Discovery/stm32746g_discovery.o
 .debug_macro   0x000000000001ef42      0x6ca ./Drivers/BSP/STM32746G-Discovery/stm32746g_discovery.o
 .debug_macro   0x000000000001f60c      0x11e ./Drivers/BSP/STM32746G-Discovery/stm32746g_discovery.o
 .debug_macro   0x000000000001f72a      0x204 ./Drivers/BSP/STM32746G-Discovery/stm32746g_discovery.o
 .debug_macro   0x000000000001f92e       0x27 ./Drivers/BSP/STM32746G-Discovery/stm32746g_discovery.o
 .debug_macro   0x000000000001f955      0x24f ./Drivers/BSP/STM32746G-Discovery/stm32746g_discovery.o
 .debug_macro   0x000000000001fba4       0x41 ./Drivers/BSP/STM32746G-Discovery/stm32746g_discovery.o
 .debug_macro   0x000000000001fbe5       0x58 ./Drivers/BSP/STM32746G-Discovery/stm32746g_discovery.o
 .debug_macro   0x000000000001fc3d      0x23a ./Drivers/BSP/STM32746G-Discovery/stm32746g_discovery.o
 .debug_macro   0x000000000001fe77      0x20f ./Drivers/BSP/STM32746G-Discovery/stm32746g_discovery.o
 .debug_macro   0x0000000000020086      0x156 ./Drivers/BSP/STM32746G-Discovery/stm32746g_discovery.o
 .debug_macro   0x00000000000201dc      0x25d ./Drivers/BSP/STM32746G-Discovery/stm32746g_discovery.o
 .debug_macro   0x0000000000020439       0x12 ./Drivers/BSP/STM32746G-Discovery/stm32746g_discovery.o
 .debug_macro   0x000000000002044b      0x516 ./Drivers/BSP/STM32746G-Discovery/stm32746g_discovery.o
 .debug_macro   0x0000000000020961      0x209 ./Drivers/BSP/STM32746G-Discovery/stm32746g_discovery.o
 .debug_macro   0x0000000000020b6a       0x5a ./Drivers/BSP/STM32746G-Discovery/stm32746g_discovery.o
 .debug_macro   0x0000000000020bc4       0x90 ./Drivers/BSP/STM32746G-Discovery/stm32746g_discovery.o
 .debug_macro   0x0000000000020c54      0x255 ./Drivers/BSP/STM32746G-Discovery/stm32746g_discovery.o
 .debug_macro   0x0000000000020ea9      0x132 ./Drivers/BSP/STM32746G-Discovery/stm32746g_discovery.o
 .debug_macro   0x0000000000020fdb      0x10c ./Drivers/BSP/STM32746G-Discovery/stm32746g_discovery.o
 .debug_macro   0x00000000000210e7       0x35 ./Drivers/BSP/STM32746G-Discovery/stm32746g_discovery.o
 .debug_macro   0x000000000002111c      0x447 ./Drivers/BSP/STM32746G-Discovery/stm32746g_discovery.o
 .debug_macro   0x0000000000021563      0x65b ./Drivers/BSP/STM32746G-Discovery/stm32746g_discovery.o
 .debug_macro   0x0000000000021bbe      0x256 ./Drivers/BSP/STM32746G-Discovery/stm32746g_discovery.o
 .debug_macro   0x0000000000021e14      0x169 ./Drivers/BSP/STM32746G-Discovery/stm32746g_discovery.o
 .debug_macro   0x0000000000021f7d      0x4e8 ./Drivers/BSP/STM32746G-Discovery/stm32746g_discovery.o
 .debug_macro   0x0000000000022465       0x47 ./Drivers/BSP/STM32746G-Discovery/stm32746g_discovery.o
 .debug_macro   0x00000000000224ac      0x15e ./Drivers/BSP/STM32746G-Discovery/stm32746g_discovery.o
 .debug_macro   0x000000000002260a      0x262 ./Drivers/BSP/STM32746G-Discovery/stm32746g_discovery.o
 .debug_macro   0x000000000002286c      0x3a5 ./Drivers/BSP/STM32746G-Discovery/stm32746g_discovery_audio.o
 .debug_macro   0x0000000000022c11       0x3b ./Drivers/BSP/STM32746G-Discovery/stm32746g_discovery_audio.o
 .debug_macro   0x0000000000022c4c      0x184 ./Drivers/BSP/STM32746G-Discovery/stm32746g_discovery_audio.o
 .debug_macro   0x0000000000022dd0      0x3d2 ./Drivers/BSP/STM32746G-Discovery/stm32746g_discovery_lcd.o
 .debug_macro   0x00000000000231a2       0x40 ./Drivers/BSP/STM32746G-Discovery/stm32746g_discovery_lcd.o
 .debug_macro   0x00000000000231e2       0x9a ./Drivers/BSP/STM32746G-Discovery/stm32746g_discovery_lcd.o
 .debug_macro   0x000000000002327c      0x268 ./Drivers/BSP/STM32746G-Discovery/stm32746g_discovery_lcd.o
 .debug_macro   0x00000000000234e4       0x10 ./Drivers/BSP/STM32746G-Discovery/stm32746g_discovery_lcd.o
 .debug_macro   0x00000000000234f4      0x136 ./Drivers/BSP/STM32746G-Discovery/stm32746g_discovery_lcd.o
 .debug_macro   0x000000000002362a      0x37e ./Drivers/BSP/STM32746G-Discovery/stm32746g_discovery_sdram.o
 .debug_macro   0x00000000000239a8      0x393 ./Drivers/STM32F7xx_HAL_Driver/Src/stm32f7xx_hal.o
 .debug_macro   0x0000000000023d3b      0x36f ./Drivers/STM32F7xx_HAL_Driver/Src/stm32f7xx_hal_cortex.o
 .debug_macro   0x00000000000240aa      0x376 ./Drivers/STM32F7xx_HAL_Driver/Src/stm32f7xx_hal_dma.o
 .debug_macro   0x0000000000024420      0x37d ./Drivers/STM32F7xx_HAL_Driver/Src/stm32f7xx_hal_dma2d.o
 .debug_macro   0x000000000002479d      0x3a7 ./Drivers/STM32F7xx_HAL_Driver/Src/stm32f7xx_hal_gpio.o
 .debug_macro   0x0000000000024b44      0x43b ./Drivers/STM32F7xx_HAL_Driver/Src/stm32f7xx_hal_i2c.o
 .debug_macro   0x0000000000024f7f      0x36f ./Drivers/STM32F7xx_HAL_Driver/Src/stm32f7xx_hal_i2c_ex.o
 .debug_macro   0x00000000000252ee      0x36f ./Drivers/STM32F7xx_HAL_Driver/Src/stm32f7xx_hal_ltdc.o
 .debug_macro   0x000000000002565d      0x38d ./Drivers/STM32F7xx_HAL_Driver/Src/stm32f7xx_hal_pwr.o
 .debug_macro   0x00000000000259ea      0x387 ./Drivers/STM32F7xx_HAL_Driver/Src/stm32f7xx_hal_pwr_ex.o
 .debug_macro   0x0000000000025d71      0x393 ./Drivers/STM32F7xx_HAL_Driver/Src/stm32f7xx_hal_rcc.o
 .debug_macro   0x0000000000026104      0x36f ./Drivers/STM32F7xx_HAL_Driver/Src/stm32f7xx_hal_rcc_ex.o
 .debug_macro   0x0000000000026473      0x37e ./Drivers/STM32F7xx_HAL_Driver/Src/stm32f7xx_hal_sai.o
 .debug_macro   0x00000000000267f1      0x36f ./Drivers/STM32F7xx_HAL_Driver/Src/stm32f7xx_hal_sdram.o
 .debug_macro   0x0000000000026b60      0x370 ./Drivers/STM32F7xx_HAL_Driver/Src/stm32f7xx_hal_tim.o
 .debug_macro   0x0000000000026ed0      0x37b ./Drivers/STM32F7xx_HAL_Driver/Src/stm32f7xx_hal_tim_ex.o
 .debug_macro   0x000000000002724b      0x377 ./Drivers/STM32F7xx_HAL_Driver/Src/stm32f7xx_hal_uart.o
 .debug_macro   0x00000000000275c2      0x36f ./Drivers/STM32F7xx_HAL_Driver/Src/stm32f7xx_ll_fmc.o
 .debug_macro   0x0000000000027931      0x3ee ./Src/lcd_start_page.o
 .debug_macro   0x0000000000027d1f      0x1a9 ./Src/lcd_start_page.o
 .debug_macro   0x0000000000027ec8       0xa0 ./Src/lcd_start_page.o
 .debug_macro   0x0000000000027f68       0x16 ./Src/lcd_start_page.o
 .debug_macro   0x0000000000027f7e      0x447 ./Src/main.o
 .debug_macro   0x00000000000283c5      0x8af ./Src/main.o
 .debug_macro   0x0000000000028c74       0x1c ./Src/main.o
 .debug_macro   0x0000000000028c90       0x10 ./Src/main.o
 .debug_macro   0x0000000000028ca0      0x3a5 ./Src/peripheral.o
 .debug_macro   0x0000000000029045      0x3f3 ./Src/stm32f7xx_hal_msp.o
 .debug_macro   0x0000000000029438      0x3fd ./Src/stm32f7xx_it.o
 .debug_macro   0x0000000000029835      0x375 ./Src/system_stm32f7xx.o

.debug_line     0x0000000000000000    0x20689
 .debug_line    0x0000000000000000      0xaf2 ./Drivers/BSP/Components/wm8994/wm8994.o
 .debug_line    0x0000000000000af2      0xe02 ./Drivers/BSP/STM32746G-Discovery/stm32746g_discovery.o
 .debug_line    0x00000000000018f4     0x1084 ./Drivers/BSP/STM32746G-Discovery/stm32746g_discovery_audio.o
 .debug_line    0x0000000000002978     0x192b ./Drivers/BSP/STM32746G-Discovery/stm32746g_discovery_lcd.o
 .debug_line    0x00000000000042a3      0xb09 ./Drivers/BSP/STM32746G-Discovery/stm32746g_discovery_sdram.o
 .debug_line    0x0000000000004dac      0xc34 ./Drivers/STM32F7xx_HAL_Driver/Src/stm32f7xx_hal.o
 .debug_line    0x00000000000059e0      0xea6 ./Drivers/STM32F7xx_HAL_Driver/Src/stm32f7xx_hal_cortex.o
 .debug_line    0x0000000000006886     0x118f ./Drivers/STM32F7xx_HAL_Driver/Src/stm32f7xx_hal_dma.o
 .debug_line    0x0000000000007a15     0x12fb ./Drivers/STM32F7xx_HAL_Driver/Src/stm32f7xx_hal_dma2d.o
 .debug_line    0x0000000000008d10      0xdab ./Drivers/STM32F7xx_HAL_Driver/Src/stm32f7xx_hal_gpio.o
 .debug_line    0x0000000000009abb     0x2d4f ./Drivers/STM32F7xx_HAL_Driver/Src/stm32f7xx_hal_i2c.o
 .debug_line    0x000000000000c80a      0xa37 ./Drivers/STM32F7xx_HAL_Driver/Src/stm32f7xx_hal_i2c_ex.o
 .debug_line    0x000000000000d241     0x1925 ./Drivers/STM32F7xx_HAL_Driver/Src/stm32f7xx_hal_ltdc.o
 .debug_line    0x000000000000eb66      0xb7d ./Drivers/STM32F7xx_HAL_Driver/Src/stm32f7xx_hal_pwr.o
 .debug_line    0x000000000000f6e3      0xbc4 ./Drivers/STM32F7xx_HAL_Driver/Src/stm32f7xx_hal_pwr_ex.o
 .debug_line    0x00000000000102a7     0x100b ./Drivers/STM32F7xx_HAL_Driver/Src/stm32f7xx_hal_rcc.o
 .debug_line    0x00000000000112b2     0x1030 ./Drivers/STM32F7xx_HAL_Driver/Src/stm32f7xx_hal_rcc_ex.o
 .debug_line    0x00000000000122e2     0x1b30 ./Drivers/STM32F7xx_HAL_Driver/Src/stm32f7xx_hal_sai.o
 .debug_line    0x0000000000013e12      0xe76 ./Drivers/STM32F7xx_HAL_Driver/Src/stm32f7xx_hal_sdram.o
 .debug_line    0x0000000000014c88     0x2a82 ./Drivers/STM32F7xx_HAL_Driver/Src/stm32f7xx_hal_tim.o
 .debug_line    0x000000000001770a     0x175d ./Drivers/STM32F7xx_HAL_Driver/Src/stm32f7xx_hal_tim_ex.o
 .debug_line    0x0000000000018e67     0x193d ./Drivers/STM32F7xx_HAL_Driver/Src/stm32f7xx_hal_uart.o
 .debug_line    0x000000000001a7a4      0xf04 ./Drivers/STM32F7xx_HAL_Driver/Src/stm32f7xx_ll_fmc.o
 .debug_line    0x000000000001b6a8      0xb25 ./Src/lcd_start_page.o
 .debug_line    0x000000000001c1cd     0x14b2 ./Src/main.o
 .debug_line    0x000000000001d67f      0xa32 ./Src/peripheral.o
 .debug_line    0x000000000001e0b1      0xfab ./Src/stm32f7xx_hal_msp.o
 .debug_line    0x000000000001f05c      0xbe8 ./Src/stm32f7xx_it.o
 .debug_line    0x000000000001fc44      0x9c6 ./Src/system_stm32f7xx.o
 .debug_line    0x000000000002060a       0x7f ./startup/startup_stm32f746xx.o

.debug_str      0x0000000000000000    0xf7a1f
 .debug_str     0x0000000000000000     0x4201 ./Drivers/BSP/Components/wm8994/wm8994.o
                                       0x4405 (size before relaxing)
 .debug_str     0x0000000000004201    0xe87e9 ./Drivers/BSP/STM32746G-Discovery/stm32746g_discovery.o
                                      0xec863 (size before relaxing)
 .debug_str     0x00000000000ec9ea     0x1527 ./Drivers/BSP/STM32746G-Discovery/stm32746g_discovery_audio.o
                                      0xed970 (size before relaxing)
 .debug_str     0x00000000000edf11     0x194f ./Drivers/BSP/STM32746G-Discovery/stm32746g_discovery_lcd.o
                                      0xed31b (size before relaxing)
 .debug_str     0x00000000000ef860      0x3b2 ./Drivers/BSP/STM32746G-Discovery/stm32746g_discovery_sdram.o
                                      0xeb4a4 (size before relaxing)
 .debug_str     0x00000000000efc12      0x41d ./Drivers/STM32F7xx_HAL_Driver/Src/stm32f7xx_hal.o
                                      0xeae87 (size before relaxing)
 .debug_str     0x00000000000f002f      0x49c ./Drivers/STM32F7xx_HAL_Driver/Src/stm32f7xx_hal_cortex.o
                                      0xeae82 (size before relaxing)
 .debug_str     0x00000000000f04cb      0x323 ./Drivers/STM32F7xx_HAL_Driver/Src/stm32f7xx_hal_dma.o
                                      0xea873 (size before relaxing)
 .debug_str     0x00000000000f07ee      0x3a2 ./Drivers/STM32F7xx_HAL_Driver/Src/stm32f7xx_hal_dma2d.o
                                      0xeaa1c (size before relaxing)
 .debug_str     0x00000000000f0b90      0x244 ./Drivers/STM32F7xx_HAL_Driver/Src/stm32f7xx_hal_gpio.o
                                      0xea70f (size before relaxing)
 .debug_str     0x00000000000f0dd4      0xd7d ./Drivers/STM32F7xx_HAL_Driver/Src/stm32f7xx_hal_i2c.o
                                      0xeb5a3 (size before relaxing)
 .debug_str     0x00000000000f1b51       0x3b ./Drivers/STM32F7xx_HAL_Driver/Src/stm32f7xx_hal_i2c_ex.o
                                      0xea863 (size before relaxing)
 .debug_str     0x00000000000f1b8c      0x429 ./Drivers/STM32F7xx_HAL_Driver/Src/stm32f7xx_hal_ltdc.o
                                      0xeaa99 (size before relaxing)
 .debug_str     0x00000000000f1fb5      0x2ed ./Drivers/STM32F7xx_HAL_Driver/Src/stm32f7xx_hal_pwr.o
                                      0xea803 (size before relaxing)
 .debug_str     0x00000000000f22a2      0x1bd ./Drivers/STM32F7xx_HAL_Driver/Src/stm32f7xx_hal_pwr_ex.o
                                      0xea7bf (size before relaxing)
 .debug_str     0x00000000000f245f      0x369 ./Drivers/STM32F7xx_HAL_Driver/Src/stm32f7xx_hal_rcc.o
                                      0xea849 (size before relaxing)
 .debug_str     0x00000000000f27c8      0x161 ./Drivers/STM32F7xx_HAL_Driver/Src/stm32f7xx_hal_rcc_ex.o
                                      0xea7de (size before relaxing)
 .debug_str     0x00000000000f2929      0x398 ./Drivers/STM32F7xx_HAL_Driver/Src/stm32f7xx_hal_sai.o
                                      0xeac16 (size before relaxing)