stm32746g_discovery_audio.c:179:9:BSP_AUDIO_OUT_Init	32	static
stm32746g_discovery_audio.c:232:9:BSP_AUDIO_OUT_Play	16	static
stm32746g_discovery_audio.c:255:6:BSP_AUDIO_OUT_ChangeBuffer	16	static
stm32746g_discovery_audio.c:268:9:BSP_AUDIO_OUT_Pause	8	static
stm32746g_discovery_audio.c:292:9:BSP_AUDIO_OUT_Resume	8	static
stm32746g_discovery_audio.c:318:9:BSP_AUDIO_OUT_Stop	16	static
stm32746g_discovery_audio.c:346:9:BSP_AUDIO_OUT_SetVolume	16	static
stm32746g_discovery_audio.c:366:9:BSP_AUDIO_OUT_SetMute	16	static
stm32746g_discovery_audio.c:387:9:BSP_AUDIO_OUT_SetOutputMode	16	static
stm32746g_discovery_audio.c:408:6:BSP_AUDIO_OUT_SetFrequency	16	static
stm32746g_discovery_audio.c:435:6:BSP_AUDIO_OUT_SetAudioFrameSlot	16	static
stm32746g_discovery_audio.c:452:6:BSP_AUDIO_OUT_DeInit	8	static
stm32746g_discovery_audio.c:464:6:HAL_SAI_TxCpltCallback	16	static
stm32746g_discovery_audio.c:476:6:HAL_SAI_TxHalfCpltCallback	16	static
stm32746g_discovery_audio.c:488:6:HAL_SAI_ErrorCallback	24	static
stm32746g_discovery_audio.c:512:13:BSP_AUDIO_OUT_TransferComplete_CallBack	4	static
stm32746g_discovery_audio.c:520:13:BSP_AUDIO_OUT_HalfTransfer_CallBack	4	static
stm32746g_discovery_audio.c:528:13:BSP_AUDIO_OUT_Error_CallBack	4	static
stm32746g_discovery_audio.c:538:13:BSP_AUDIO_OUT_MspInit	56	static
stm32746g_discovery_audio.c:621:13:BSP_AUDIO_OUT_MspDeInit	40	static
stm32746g_discovery_audio.c:666:13:BSP_AUDIO_OUT_ClockConfig	160	static
stm32746g_discovery_audio.c:715:13:SAIx_Out_Init	16	static
stm32746g_discovery_audio.c:771:13:SAIx_Out_DeInit	8	static
stm32746g_discovery_audio.c:797:9:BSP_AUDIO_IN_Init	24	static
stm32746g_discovery_audio.c:810:9:BSP_AUDIO_IN_InitEx	48	static
stm32746g_discovery_audio.c:888:9:BSP_AUDIO_IN_OUT_Init	24	static
stm32746g_discovery_audio.c:953:10:BSP_AUDIO_IN_Record	24	static
stm32746g_discovery_audio.c:975:9:BSP_AUDIO_IN_Stop	16	static
stm32746g_discovery_audio.c:1001:9:BSP_AUDIO_IN_Pause	8	static
stm32746g_discovery_audio.c:1013:9:BSP_AUDIO_IN_Resume	8	static
stm32746g_discovery_audio.c:1026:9:BSP_AUDIO_IN_SetVolume	16	static
stm32746g_discovery_audio.c:1046:6:BSP_AUDIO_IN_DeInit	8	static
stm32746g_discovery_audio.c:1058:6:HAL_SAI_RxCpltCallback	16	static
stm32746g_discovery_audio.c:1069:6:HAL_SAI_RxHalfCpltCallback	16	static
stm32746g_discovery_audio.c:1080:13:BSP_AUDIO_IN_TransferComplete_CallBack	4	static
stm32746g_discovery_audio.c:1091:13:BSP_AUDIO_IN_HalfTransfer_CallBack	4	static
stm32746g_discovery_audio.c:1102:13:BSP_AUDIO_IN_Error_CallBack	4	static
stm32746g_discovery_audio.c:1114:13:BSP_AUDIO_IN_MspInit	56	static
stm32746g_discovery_audio.c:1187:13:BSP_AUDIO_IN_MspDeInit	40	static
stm32746g_discovery_audio.c:1229:13:SAIx_In_Init	24	static
stm32746g_discovery_audio.c:1311:13:SAIx_In_DeInit	8	static
