core_cm7.h:2073:22:SCB_EnableICache	4	static,ignoring_inline_asm
core_cm7.h:2123:22:SCB_EnableDCache	24	static,ignoring_inline_asm
main.c:102:6:initGpio	32	static
main.c:117:6:passThrough	8	static
main.c:131:6:echo_filter	24	static
main.c:168:6:reverb_filter	24	static
main.c:205:10:compute_nb_ech_periode	16	static
main.c:210:10:compute_nb_ech_note	16	static
main.c:215:6:note_play_classic	32	static
main.c:237:6:music_play_classic	24	static
main.c:246:6:init_sinus_table	24	static
main.c:254:6:note_play_DDS	32	static
main.c:282:6:music_play_DDS	24	static
main.c:291:6:notePlayIIR	40	static
main.c:340:6:music_play_filtre_IIR	24	static
main.c:354:5:main	8	static
main.c:429:6:SystemClock_Config	216	static
main.c:504:13:MX_DMA2D_Init	8	static
main.c:541:13:MX_I2C3_Init	8	static
main.c:587:13:MX_LTDC_Init	64	static
main.c:650:13:MX_SAI2_Init	8	static
main.c:725:13:MX_TIM1_Init	40	static
main.c:772:13:MX_TIM2_Init	40	static
main.c:817:13:MX_TIM3_Init	40	static
main.c:862:13:MX_TIM5_Init	64	static
main.c:921:13:MX_TIM8_Init	40	static
main.c:968:13:MX_TIM12_Init	40	static
main.c:1010:13:MX_USART1_UART_Init	8	static
main.c:1045:13:MX_USART6_UART_Init	8	static
main.c:1076:13:MX_FMC_Init	40	static
main.c:1115:13:MX_GPIO_Init	72	static
main.c:1439:6:Error_Handler	4	static
