core_cm7.h:2073:22:SCB_EnableICache	4	static,ignoring_inline_asm
core_cm7.h:2123:22:SCB_EnableDCache	24	static,ignoring_inline_asm
main.c:108:6:initGpio	32	static
main.c:124:6:passThrough	8	static
main.c:138:6:echo_filter	24	static
main.c:175:6:reverb_filter	24	static
main.c:213:10:compute_nb_ech_periode	16	static
main.c:218:10:compute_nb_ech_note	16	static
main.c:224:6:init_sinus_table	16	static
main.c:232:6:RAZ_Buffer	24	static
main.c:240:9:round_value	16	static
main.c:252:6:note_play_classic	32	static
main.c:274:6:note_play_DDS	32	static
main.c:303:6:notePlayIIR	64	static
main.c:372:6:music_play_classic	24	static
main.c:381:6:music_play_DDS	24	static
main.c:390:6:music_play_filtre_IIR	24	static
main.c:401:6:note_create_DDS	40	static
main.c:420:6:note_create_classic	40	static
main.c:435:6:note_create_IIR	56	static
main.c:469:5:main	128016	static
main.c:560:6:SystemClock_Config	216	static
main.c:635:13:MX_DMA2D_Init	8	static
main.c:672:13:MX_I2C3_Init	8	static
main.c:718:13:MX_LTDC_Init	64	static
main.c:781:13:MX_SAI2_Init	8	static
main.c:856:13:MX_TIM1_Init	40	static
main.c:903:13:MX_TIM2_Init	40	static
main.c:948:13:MX_TIM3_Init	40	static
main.c:993:13:MX_TIM5_Init	64	static
main.c:1052:13:MX_TIM8_Init	40	static
main.c:1099:13:MX_TIM12_Init	40	static
main.c:1141:13:MX_USART1_UART_Init	8	static
main.c:1176:13:MX_USART6_UART_Init	8	static
main.c:1207:13:MX_FMC_Init	40	static
main.c:1246:13:MX_GPIO_Init	72	static
main.c:1570:6:Error_Handler	4	static
